// Jest Snapshot v1, https://goo.gl/fbAQLP

exports[`PackageIncExc test suit should render correctly 1`] = `
ShallowWrapper {
  Symbol(enzyme.__root__): [Circular],
  Symbol(enzyme.__unrendered__): <PackageIncExc
    hotelInfo={
      Array [
        5,
        49000,
        53900,
      ]
    }
    id="card_334"
    inclusions={
      Array [
        Object {
          "available": true,
          "key": "hotel",
          "text": "Upto 3 Stars",
        },
        Object {
          "available": false,
          "key": "flights",
          "text": "Flights",
        },
        Object {
          "available": true,
          "key": "meals",
          "text": "Meals",
        },
        Object {
          "available": true,
          "key": "sightseeing",
          "text": "Sightseeing",
        },
        Object {
          "available": true,
          "key": "transfer",
          "text": "Airport Transfer",
        },
        Object {
          "available": true,
          "key": "entrytickets",
          "text": "Entry Tickets",
        },
        Object {
          "available": true,
          "key": "visa",
          "text": "Visa",
        },
      ]
    }
    isPackageRevamp={false}
    noScroll={false}
  />,
  Symbol(enzyme.__renderer__): Object {
    "batchedUpdates": [Function],
    "checkPropTypes": [Function],
    "getNode": [Function],
    "render": [Function],
    "simulateError": [Function],
    "simulateEvent": [Function],
    "unmount": [Function],
  },
  Symbol(enzyme.__node__): Object {
    "instance": null,
    "key": undefined,
    "nodeType": "host",
    "props": Object {
      "children": <div
        className="row row- incl-excl-con-inner"
      >
        <div
          className="incl-excl-box   "
        >
          <span
            className="incl-excl-img"
          >
            <IconSvg
              className=""
            />
          </span>
          <p
            className="f10"
          >
            Upto 5 Stars
          </p>
        </div>
        <div
          className="incl-excl-box  not-included "
        >
          <span
            className="incl-excl-img"
          >
            <IconSvg
              className="greyscale"
            />
          </span>
          <p
            className="f10"
          >
            Flights
          </p>
        </div>
        <div
          className="incl-excl-box   "
        >
          <span
            className="incl-excl-img"
          >
            <IconSvg
              className=""
            />
          </span>
          <p
            className="f10"
          >
            Meals
          </p>
        </div>
        <div
          className="incl-excl-box   "
        >
          <span
            className="incl-excl-img"
          >
            <IconSvg
              className=""
            />
          </span>
          <p
            className="f10"
          >
            Sightseeing
          </p>
        </div>
        <div
          className="incl-excl-box   "
        >
          <span
            className="incl-excl-img"
          >
            <IconSvg
              className=""
            />
          </span>
          <p
            className="f10"
          >
            Airport Transfer
          </p>
        </div>
        <div
          className="incl-excl-box   "
        >
          <span
            className="incl-excl-img"
          >
            <IconSvg
              className=""
            />
          </span>
          <p
            className="f10"
          >
            Entry Tickets
          </p>
        </div>
        <div
          className="incl-excl-box   "
        >
          <span
            className="incl-excl-img"
          >
            <IconSvg
              className=""
            />
          </span>
          <p
            className="f10"
          >
            Visa
          </p>
        </div>
      </div>,
      "className": "row row- incl-excl-con  ",
    },
    "ref": null,
    "rendered": Object {
      "instance": null,
      "key": undefined,
      "nodeType": "host",
      "props": Object {
        "children": Array [
          <div
            className="incl-excl-box   "
          >
            <span
              className="incl-excl-img"
            >
              <IconSvg
                className=""
              />
            </span>
            <p
              className="f10"
            >
              Upto 5 Stars
            </p>
          </div>,
          <div
            className="incl-excl-box  not-included "
          >
            <span
              className="incl-excl-img"
            >
              <IconSvg
                className="greyscale"
              />
            </span>
            <p
              className="f10"
            >
              Flights
            </p>
          </div>,
          <div
            className="incl-excl-box   "
          >
            <span
              className="incl-excl-img"
            >
              <IconSvg
                className=""
              />
            </span>
            <p
              className="f10"
            >
              Meals
            </p>
          </div>,
          <div
            className="incl-excl-box   "
          >
            <span
              className="incl-excl-img"
            >
              <IconSvg
                className=""
              />
            </span>
            <p
              className="f10"
            >
              Sightseeing
            </p>
          </div>,
          <div
            className="incl-excl-box   "
          >
            <span
              className="incl-excl-img"
            >
              <IconSvg
                className=""
              />
            </span>
            <p
              className="f10"
            >
              Airport Transfer
            </p>
          </div>,
          <div
            className="incl-excl-box   "
          >
            <span
              className="incl-excl-img"
            >
              <IconSvg
                className=""
              />
            </span>
            <p
              className="f10"
            >
              Entry Tickets
            </p>
          </div>,
          <div
            className="incl-excl-box   "
          >
            <span
              className="incl-excl-img"
            >
              <IconSvg
                className=""
              />
            </span>
            <p
              className="f10"
            >
              Visa
            </p>
          </div>,
        ],
        "className": "row row- incl-excl-con-inner",
      },
      "ref": null,
      "rendered": Array [
        Object {
          "instance": null,
          "key": "card_334_hotel_0",
          "nodeType": "host",
          "props": Object {
            "children": Array [
              null,
              <span
                className="incl-excl-img"
              >
                <IconSvg
                  className=""
                />
              </span>,
              <p
                className="f10"
              >
                Upto 5 Stars
              </p>,
            ],
            "className": "incl-excl-box   ",
          },
          "ref": null,
          "rendered": Array [
            null,
            Object {
              "instance": null,
              "key": undefined,
              "nodeType": "host",
              "props": Object {
                "children": <IconSvg
                  className=""
                />,
                "className": "incl-excl-img",
              },
              "ref": null,
              "rendered": Object {
                "instance": null,
                "key": "card_334_hotel_0",
                "nodeType": "function",
                "props": Object {
                  "className": "",
                },
                "ref": null,
                "rendered": null,
                "type": [Function],
              },
              "type": "span",
            },
            Object {
              "instance": null,
              "key": undefined,
              "nodeType": "host",
              "props": Object {
                "children": "Upto 5 Stars",
                "className": "f10",
              },
              "ref": null,
              "rendered": "Upto 5 Stars",
              "type": "p",
            },
          ],
          "type": "div",
        },
        Object {
          "instance": null,
          "key": "card_334_flights_1",
          "nodeType": "host",
          "props": Object {
            "children": Array [
              null,
              <span
                className="incl-excl-img"
              >
                <IconSvg
                  className="greyscale"
                />
              </span>,
              <p
                className="f10"
              >
                Flights
              </p>,
            ],
            "className": "incl-excl-box  not-included ",
          },
          "ref": null,
          "rendered": Array [
            null,
            Object {
              "instance": null,
              "key": undefined,
              "nodeType": "host",
              "props": Object {
                "children": <IconSvg
                  className="greyscale"
                />,
                "className": "incl-excl-img",
              },
              "ref": null,
              "rendered": Object {
                "instance": null,
                "key": "card_334_flights_1",
                "nodeType": "function",
                "props": Object {
                  "className": "greyscale",
                },
                "ref": null,
                "rendered": null,
                "type": [Function],
              },
              "type": "span",
            },
            Object {
              "instance": null,
              "key": undefined,
              "nodeType": "host",
              "props": Object {
                "children": "Flights",
                "className": "f10",
              },
              "ref": null,
              "rendered": "Flights",
              "type": "p",
            },
          ],
          "type": "div",
        },
        Object {
          "instance": null,
          "key": "card_334_meals_2",
          "nodeType": "host",
          "props": Object {
            "children": Array [
              null,
              <span
                className="incl-excl-img"
              >
                <IconSvg
                  className=""
                />
              </span>,
              <p
                className="f10"
              >
                Meals
              </p>,
            ],
            "className": "incl-excl-box   ",
          },
          "ref": null,
          "rendered": Array [
            null,
            Object {
              "instance": null,
              "key": undefined,
              "nodeType": "host",
              "props": Object {
                "children": <IconSvg
                  className=""
                />,
                "className": "incl-excl-img",
              },
              "ref": null,
              "rendered": Object {
                "instance": null,
                "key": "card_334_meals_2",
                "nodeType": "function",
                "props": Object {
                  "className": "",
                },
                "ref": null,
                "rendered": null,
                "type": [Function],
              },
              "type": "span",
            },
            Object {
              "instance": null,
              "key": undefined,
              "nodeType": "host",
              "props": Object {
                "children": "Meals",
                "className": "f10",
              },
              "ref": null,
              "rendered": "Meals",
              "type": "p",
            },
          ],
          "type": "div",
        },
        Object {
          "instance": null,
          "key": "card_334_sightseeing_3",
          "nodeType": "host",
          "props": Object {
            "children": Array [
              null,
              <span
                className="incl-excl-img"
              >
                <IconSvg
                  className=""
                />
              </span>,
              <p
                className="f10"
              >
                Sightseeing
              </p>,
            ],
            "className": "incl-excl-box   ",
          },
          "ref": null,
          "rendered": Array [
            null,
            Object {
              "instance": null,
              "key": undefined,
              "nodeType": "host",
              "props": Object {
                "children": <IconSvg
                  className=""
                />,
                "className": "incl-excl-img",
              },
              "ref": null,
              "rendered": Object {
                "instance": null,
                "key": "card_334_sightseeing_3",
                "nodeType": "function",
                "props": Object {
                  "className": "",
                },
                "ref": null,
                "rendered": null,
                "type": [Function],
              },
              "type": "span",
            },
            Object {
              "instance": null,
              "key": undefined,
              "nodeType": "host",
              "props": Object {
                "children": "Sightseeing",
                "className": "f10",
              },
              "ref": null,
              "rendered": "Sightseeing",
              "type": "p",
            },
          ],
          "type": "div",
        },
        Object {
          "instance": null,
          "key": "card_334_transfer_4",
          "nodeType": "host",
          "props": Object {
            "children": Array [
              null,
              <span
                className="incl-excl-img"
              >
                <IconSvg
                  className=""
                />
              </span>,
              <p
                className="f10"
              >
                Airport Transfer
              </p>,
            ],
            "className": "incl-excl-box   ",
          },
          "ref": null,
          "rendered": Array [
            null,
            Object {
              "instance": null,
              "key": undefined,
              "nodeType": "host",
              "props": Object {
                "children": <IconSvg
                  className=""
                />,
                "className": "incl-excl-img",
              },
              "ref": null,
              "rendered": Object {
                "instance": null,
                "key": "card_334_transfer_4",
                "nodeType": "function",
                "props": Object {
                  "className": "",
                },
                "ref": null,
                "rendered": null,
                "type": [Function],
              },
              "type": "span",
            },
            Object {
              "instance": null,
              "key": undefined,
              "nodeType": "host",
              "props": Object {
                "children": "Airport Transfer",
                "className": "f10",
              },
              "ref": null,
              "rendered": "Airport Transfer",
              "type": "p",
            },
          ],
          "type": "div",
        },
        Object {
          "instance": null,
          "key": "card_334_entrytickets_5",
          "nodeType": "host",
          "props": Object {
            "children": Array [
              null,
              <span
                className="incl-excl-img"
              >
                <IconSvg
                  className=""
                />
              </span>,
              <p
                className="f10"
              >
                Entry Tickets
              </p>,
            ],
            "className": "incl-excl-box   ",
          },
          "ref": null,
          "rendered": Array [
            null,
            Object {
              "instance": null,
              "key": undefined,
              "nodeType": "host",
              "props": Object {
                "children": <IconSvg
                  className=""
                />,
                "className": "incl-excl-img",
              },
              "ref": null,
              "rendered": Object {
                "instance": null,
                "key": "card_334_entrytickets_5",
                "nodeType": "function",
                "props": Object {
                  "className": "",
                },
                "ref": null,
                "rendered": null,
                "type": [Function],
              },
              "type": "span",
            },
            Object {
              "instance": null,
              "key": undefined,
              "nodeType": "host",
              "props": Object {
                "children": "Entry Tickets",
                "className": "f10",
              },
              "ref": null,
              "rendered": "Entry Tickets",
              "type": "p",
            },
          ],
          "type": "div",
        },
        Object {
          "instance": null,
          "key": "card_334_visa_6",
          "nodeType": "host",
          "props": Object {
            "children": Array [
              null,
              <span
                className="incl-excl-img"
              >
                <IconSvg
                  className=""
                />
              </span>,
              <p
                className="f10"
              >
                Visa
              </p>,
            ],
            "className": "incl-excl-box   ",
          },
          "ref": null,
          "rendered": Array [
            null,
            Object {
              "instance": null,
              "key": undefined,
              "nodeType": "host",
              "props": Object {
                "children": <IconSvg
                  className=""
                />,
                "className": "incl-excl-img",
              },
              "ref": null,
              "rendered": Object {
                "instance": null,
                "key": "card_334_visa_6",
                "nodeType": "function",
                "props": Object {
                  "className": "",
                },
                "ref": null,
                "rendered": null,
                "type": [Function],
              },
              "type": "span",
            },
            Object {
              "instance": null,
              "key": undefined,
              "nodeType": "host",
              "props": Object {
                "children": "Visa",
                "className": "f10",
              },
              "ref": null,
              "rendered": "Visa",
              "type": "p",
            },
          ],
          "type": "div",
        },
      ],
      "type": "div",
    },
    "type": "div",
  },
  Symbol(enzyme.__nodes__): Array [
    Object {
      "instance": null,
      "key": undefined,
      "nodeType": "host",
      "props": Object {
        "children": <div
          className="row row- incl-excl-con-inner"
        >
          <div
            className="incl-excl-box   "
          >
            <span
              className="incl-excl-img"
            >
              <IconSvg
                className=""
              />
            </span>
            <p
              className="f10"
            >
              Upto 5 Stars
            </p>
          </div>
          <div
            className="incl-excl-box  not-included "
          >
            <span
              className="incl-excl-img"
            >
              <IconSvg
                className="greyscale"
              />
            </span>
            <p
              className="f10"
            >
              Flights
            </p>
          </div>
          <div
            className="incl-excl-box   "
          >
            <span
              className="incl-excl-img"
            >
              <IconSvg
                className=""
              />
            </span>
            <p
              className="f10"
            >
              Meals
            </p>
          </div>
          <div
            className="incl-excl-box   "
          >
            <span
              className="incl-excl-img"
            >
              <IconSvg
                className=""
              />
            </span>
            <p
              className="f10"
            >
              Sightseeing
            </p>
          </div>
          <div
            className="incl-excl-box   "
          >
            <span
              className="incl-excl-img"
            >
              <IconSvg
                className=""
              />
            </span>
            <p
              className="f10"
            >
              Airport Transfer
            </p>
          </div>
          <div
            className="incl-excl-box   "
          >
            <span
              className="incl-excl-img"
            >
              <IconSvg
                className=""
              />
            </span>
            <p
              className="f10"
            >
              Entry Tickets
            </p>
          </div>
          <div
            className="incl-excl-box   "
          >
            <span
              className="incl-excl-img"
            >
              <IconSvg
                className=""
              />
            </span>
            <p
              className="f10"
            >
              Visa
            </p>
          </div>
        </div>,
        "className": "row row- incl-excl-con  ",
      },
      "ref": null,
      "rendered": Object {
        "instance": null,
        "key": undefined,
        "nodeType": "host",
        "props": Object {
          "children": Array [
            <div
              className="incl-excl-box   "
            >
              <span
                className="incl-excl-img"
              >
                <IconSvg
                  className=""
                />
              </span>
              <p
                className="f10"
              >
                Upto 5 Stars
              </p>
            </div>,
            <div
              className="incl-excl-box  not-included "
            >
              <span
                className="incl-excl-img"
              >
                <IconSvg
                  className="greyscale"
                />
              </span>
              <p
                className="f10"
              >
                Flights
              </p>
            </div>,
            <div
              className="incl-excl-box   "
            >
              <span
                className="incl-excl-img"
              >
                <IconSvg
                  className=""
                />
              </span>
              <p
                className="f10"
              >
                Meals
              </p>
            </div>,
            <div
              className="incl-excl-box   "
            >
              <span
                className="incl-excl-img"
              >
                <IconSvg
                  className=""
                />
              </span>
              <p
                className="f10"
              >
                Sightseeing
              </p>
            </div>,
            <div
              className="incl-excl-box   "
            >
              <span
                className="incl-excl-img"
              >
                <IconSvg
                  className=""
                />
              </span>
              <p
                className="f10"
              >
                Airport Transfer
              </p>
            </div>,
            <div
              className="incl-excl-box   "
            >
              <span
                className="incl-excl-img"
              >
                <IconSvg
                  className=""
                />
              </span>
              <p
                className="f10"
              >
                Entry Tickets
              </p>
            </div>,
            <div
              className="incl-excl-box   "
            >
              <span
                className="incl-excl-img"
              >
                <IconSvg
                  className=""
                />
              </span>
              <p
                className="f10"
              >
                Visa
              </p>
            </div>,
          ],
          "className": "row row- incl-excl-con-inner",
        },
        "ref": null,
        "rendered": Array [
          Object {
            "instance": null,
            "key": "card_334_hotel_0",
            "nodeType": "host",
            "props": Object {
              "children": Array [
                null,
                <span
                  className="incl-excl-img"
                >
                  <IconSvg
                    className=""
                  />
                </span>,
                <p
                  className="f10"
                >
                  Upto 5 Stars
                </p>,
              ],
              "className": "incl-excl-box   ",
            },
            "ref": null,
            "rendered": Array [
              null,
              Object {
                "instance": null,
                "key": undefined,
                "nodeType": "host",
                "props": Object {
                  "children": <IconSvg
                    className=""
                  />,
                  "className": "incl-excl-img",
                },
                "ref": null,
                "rendered": Object {
                  "instance": null,
                  "key": "card_334_hotel_0",
                  "nodeType": "function",
                  "props": Object {
                    "className": "",
                  },
                  "ref": null,
                  "rendered": null,
                  "type": [Function],
                },
                "type": "span",
              },
              Object {
                "instance": null,
                "key": undefined,
                "nodeType": "host",
                "props": Object {
                  "children": "Upto 5 Stars",
                  "className": "f10",
                },
                "ref": null,
                "rendered": "Upto 5 Stars",
                "type": "p",
              },
            ],
            "type": "div",
          },
          Object {
            "instance": null,
            "key": "card_334_flights_1",
            "nodeType": "host",
            "props": Object {
              "children": Array [
                null,
                <span
                  className="incl-excl-img"
                >
                  <IconSvg
                    className="greyscale"
                  />
                </span>,
                <p
                  className="f10"
                >
                  Flights
                </p>,
              ],
              "className": "incl-excl-box  not-included ",
            },
            "ref": null,
            "rendered": Array [
              null,
              Object {
                "instance": null,
                "key": undefined,
                "nodeType": "host",
                "props": Object {
                  "children": <IconSvg
                    className="greyscale"
                  />,
                  "className": "incl-excl-img",
                },
                "ref": null,
                "rendered": Object {
                  "instance": null,
                  "key": "card_334_flights_1",
                  "nodeType": "function",
                  "props": Object {
                    "className": "greyscale",
                  },
                  "ref": null,
                  "rendered": null,
                  "type": [Function],
                },
                "type": "span",
              },
              Object {
                "instance": null,
                "key": undefined,
                "nodeType": "host",
                "props": Object {
                  "children": "Flights",
                  "className": "f10",
                },
                "ref": null,
                "rendered": "Flights",
                "type": "p",
              },
            ],
            "type": "div",
          },
          Object {
            "instance": null,
            "key": "card_334_meals_2",
            "nodeType": "host",
            "props": Object {
              "children": Array [
                null,
                <span
                  className="incl-excl-img"
                >
                  <IconSvg
                    className=""
                  />
                </span>,
                <p
                  className="f10"
                >
                  Meals
                </p>,
              ],
              "className": "incl-excl-box   ",
            },
            "ref": null,
            "rendered": Array [
              null,
              Object {
                "instance": null,
                "key": undefined,
                "nodeType": "host",
                "props": Object {
                  "children": <IconSvg
                    className=""
                  />,
                  "className": "incl-excl-img",
                },
                "ref": null,
                "rendered": Object {
                  "instance": null,
                  "key": "card_334_meals_2",
                  "nodeType": "function",
                  "props": Object {
                    "className": "",
                  },
                  "ref": null,
                  "rendered": null,
                  "type": [Function],
                },
                "type": "span",
              },
              Object {
                "instance": null,
                "key": undefined,
                "nodeType": "host",
                "props": Object {
                  "children": "Meals",
                  "className": "f10",
                },
                "ref": null,
                "rendered": "Meals",
                "type": "p",
              },
            ],
            "type": "div",
          },
          Object {
            "instance": null,
            "key": "card_334_sightseeing_3",
            "nodeType": "host",
            "props": Object {
              "children": Array [
                null,
                <span
                  className="incl-excl-img"
                >
                  <IconSvg
                    className=""
                  />
                </span>,
                <p
                  className="f10"
                >
                  Sightseeing
                </p>,
              ],
              "className": "incl-excl-box   ",
            },
            "ref": null,
            "rendered": Array [
              null,
              Object {
                "instance": null,
                "key": undefined,
                "nodeType": "host",
                "props": Object {
                  "children": <IconSvg
                    className=""
                  />,
                  "className": "incl-excl-img",
                },
                "ref": null,
                "rendered": Object {
                  "instance": null,
                  "key": "card_334_sightseeing_3",
                  "nodeType": "function",
                  "props": Object {
                    "className": "",
                  },
                  "ref": null,
                  "rendered": null,
                  "type": [Function],
                },
                "type": "span",
              },
              Object {
                "instance": null,
                "key": undefined,
                "nodeType": "host",
                "props": Object {
                  "children": "Sightseeing",
                  "className": "f10",
                },
                "ref": null,
                "rendered": "Sightseeing",
                "type": "p",
              },
            ],
            "type": "div",
          },
          Object {
            "instance": null,
            "key": "card_334_transfer_4",
            "nodeType": "host",
            "props": Object {
              "children": Array [
                null,
                <span
                  className="incl-excl-img"
                >
                  <IconSvg
                    className=""
                  />
                </span>,
                <p
                  className="f10"
                >
                  Airport Transfer
                </p>,
              ],
              "className": "incl-excl-box   ",
            },
            "ref": null,
            "rendered": Array [
              null,
              Object {
                "instance": null,
                "key": undefined,
                "nodeType": "host",
                "props": Object {
                  "children": <IconSvg
                    className=""
                  />,
                  "className": "incl-excl-img",
                },
                "ref": null,
                "rendered": Object {
                  "instance": null,
                  "key": "card_334_transfer_4",
                  "nodeType": "function",
                  "props": Object {
                    "className": "",
                  },
                  "ref": null,
                  "rendered": null,
                  "type": [Function],
                },
                "type": "span",
              },
              Object {
                "instance": null,
                "key": undefined,
                "nodeType": "host",
                "props": Object {
                  "children": "Airport Transfer",
                  "className": "f10",
                },
                "ref": null,
                "rendered": "Airport Transfer",
                "type": "p",
              },
            ],
            "type": "div",
          },
          Object {
            "instance": null,
            "key": "card_334_entrytickets_5",
            "nodeType": "host",
            "props": Object {
              "children": Array [
                null,
                <span
                  className="incl-excl-img"
                >
                  <IconSvg
                    className=""
                  />
                </span>,
                <p
                  className="f10"
                >
                  Entry Tickets
                </p>,
              ],
              "className": "incl-excl-box   ",
            },
            "ref": null,
            "rendered": Array [
              null,
              Object {
                "instance": null,
                "key": undefined,
                "nodeType": "host",
                "props": Object {
                  "children": <IconSvg
                    className=""
                  />,
                  "className": "incl-excl-img",
                },
                "ref": null,
                "rendered": Object {
                  "instance": null,
                  "key": "card_334_entrytickets_5",
                  "nodeType": "function",
                  "props": Object {
                    "className": "",
                  },
                  "ref": null,
                  "rendered": null,
                  "type": [Function],
                },
                "type": "span",
              },
              Object {
                "instance": null,
                "key": undefined,
                "nodeType": "host",
                "props": Object {
                  "children": "Entry Tickets",
                  "className": "f10",
                },
                "ref": null,
                "rendered": "Entry Tickets",
                "type": "p",
              },
            ],
            "type": "div",
          },
          Object {
            "instance": null,
            "key": "card_334_visa_6",
            "nodeType": "host",
            "props": Object {
              "children": Array [
                null,
                <span
                  className="incl-excl-img"
                >
                  <IconSvg
                    className=""
                  />
                </span>,
                <p
                  className="f10"
                >
                  Visa
                </p>,
              ],
              "className": "incl-excl-box   ",
            },
            "ref": null,
            "rendered": Array [
              null,
              Object {
                "instance": null,
                "key": undefined,
                "nodeType": "host",
                "props": Object {
                  "children": <IconSvg
                    className=""
                  />,
                  "className": "incl-excl-img",
                },
                "ref": null,
                "rendered": Object {
                  "instance": null,
                  "key": "card_334_visa_6",
                  "nodeType": "function",
                  "props": Object {
                    "className": "",
                  },
                  "ref": null,
                  "rendered": null,
                  "type": [Function],
                },
                "type": "span",
              },
              Object {
                "instance": null,
                "key": undefined,
                "nodeType": "host",
                "props": Object {
                  "children": "Visa",
                  "className": "f10",
                },
                "ref": null,
                "rendered": "Visa",
                "type": "p",
              },
            ],
            "type": "div",
          },
        ],
        "type": "div",
      },
      "type": "div",
    },
  ],
  Symbol(enzyme.__options__): Object {
    "adapter": ReactSixteenAdapter {
      "options": Object {
        "enableComponentDidUpdateOnSetState": true,
        "legacyContextMode": "parent",
        "lifecycles": Object {
          "componentDidUpdate": Object {
            "onSetState": true,
          },
          "getChildContext": Object {
            "calledByRenderer": false,
          },
          "getDerivedStateFromError": true,
          "getDerivedStateFromProps": Object {
            "hasShouldComponentUpdateBug": false,
          },
          "getSnapshotBeforeUpdate": true,
          "setState": Object {
            "skipsComponentDidUpdateOnNullish": true,
          },
        },
      },
    },
    Symbol(enzyme.__providerValues__): undefined,
  },
  Symbol(enzyme.__providerValues__): Map {},
}
`;
