// Jest Snapshot v1, https://goo.gl/fbAQLP

exports[`BudgetBanner Module should render correctly 1`] = `
ShallowWrapper {
  Symbol(enzyme.__root__): [Circular],
  Symbol(enzyme.__unrendered__): <BudgetBanner
    adult={1}
    child={0}
    destination="Kerala"
    priceMax={142767}
    priceMin={55152}
    savePreferencesAndRedirect={[Function]}
  />,
  Symbol(enzyme.__renderer__): Object {
    "batchedUpdates": [Function],
    "checkPropTypes": [Function],
    "getNode": [Function],
    "render": [Function],
    "simulateError": [Function],
    "simulateEvent": [Function],
    "unmount": [Function],
  },
  Symbol(enzyme.__node__): Object {
    "instance": null,
    "key": undefined,
    "nodeType": "host",
    "props": Object {
      "children": Array [
        <span
          className="absolute t15 l15 nurtureIcon"
          onClick={[Function]}
        >
          <IconSvg />
        </span>,
        <div
          className="at_nurturingDiv pbc5 flex alignCenter justifyCenter bannerHeading"
        >
          <p
            className="f24 sfcw fw9 text-center "
          >
            Your Total Budget for
            <br />
             
            Kerala
             will be
          </p>
        </div>,
        <div
          className="absolute wfull budgetWrap"
        >
          <BudgetRange
            priceMax={142767}
            priceMin={55152}
          />
          <div
            className="absolute text-center p10 f12 sbc7 numberOfPeople"
          >
            for 
            1
             
            adult
          </div>
        </div>,
      ],
      "className": "at_nurturingBanner relative sbcw pb32",
    },
    "ref": null,
    "rendered": Array [
      Object {
        "instance": null,
        "key": undefined,
        "nodeType": "host",
        "props": Object {
          "children": <IconSvg />,
          "className": "absolute t15 l15 nurtureIcon",
          "onClick": [Function],
        },
        "ref": null,
        "rendered": Object {
          "instance": null,
          "key": undefined,
          "nodeType": "function",
          "props": Object {},
          "ref": null,
          "rendered": null,
          "type": [Function],
        },
        "type": "span",
      },
      Object {
        "instance": null,
        "key": undefined,
        "nodeType": "host",
        "props": Object {
          "children": <p
            className="f24 sfcw fw9 text-center "
          >
            Your Total Budget for
            <br />
             
            Kerala
             will be
          </p>,
          "className": "at_nurturingDiv pbc5 flex alignCenter justifyCenter bannerHeading",
        },
        "ref": null,
        "rendered": Object {
          "instance": null,
          "key": undefined,
          "nodeType": "host",
          "props": Object {
            "children": Array [
              "Your Total Budget for",
              <br />,
              " ",
              "Kerala",
              " will be",
            ],
            "className": "f24 sfcw fw9 text-center ",
          },
          "ref": null,
          "rendered": Array [
            "Your Total Budget for",
            Object {
              "instance": null,
              "key": undefined,
              "nodeType": "host",
              "props": Object {},
              "ref": null,
              "rendered": null,
              "type": "br",
            },
            " ",
            "Kerala",
            " will be",
          ],
          "type": "p",
        },
        "type": "div",
      },
      Object {
        "instance": null,
        "key": undefined,
        "nodeType": "host",
        "props": Object {
          "children": Array [
            <BudgetRange
              priceMax={142767}
              priceMin={55152}
            />,
            <div
              className="absolute text-center p10 f12 sbc7 numberOfPeople"
            >
              for 
              1
               
              adult
            </div>,
          ],
          "className": "absolute wfull budgetWrap",
        },
        "ref": null,
        "rendered": Array [
          Object {
            "instance": null,
            "key": undefined,
            "nodeType": "class",
            "props": Object {
              "priceMax": 142767,
              "priceMin": 55152,
            },
            "ref": null,
            "rendered": null,
            "type": [Function],
          },
          Object {
            "instance": null,
            "key": undefined,
            "nodeType": "host",
            "props": Object {
              "children": Array [
                "for ",
                1,
                " ",
                "adult",
                null,
              ],
              "className": "absolute text-center p10 f12 sbc7 numberOfPeople",
            },
            "ref": null,
            "rendered": Array [
              "for ",
              1,
              " ",
              "adult",
              null,
            ],
            "type": "div",
          },
        ],
        "type": "div",
      },
    ],
    "type": "div",
  },
  Symbol(enzyme.__nodes__): Array [
    Object {
      "instance": null,
      "key": undefined,
      "nodeType": "host",
      "props": Object {
        "children": Array [
          <span
            className="absolute t15 l15 nurtureIcon"
            onClick={[Function]}
          >
            <IconSvg />
          </span>,
          <div
            className="at_nurturingDiv pbc5 flex alignCenter justifyCenter bannerHeading"
          >
            <p
              className="f24 sfcw fw9 text-center "
            >
              Your Total Budget for
              <br />
               
              Kerala
               will be
            </p>
          </div>,
          <div
            className="absolute wfull budgetWrap"
          >
            <BudgetRange
              priceMax={142767}
              priceMin={55152}
            />
            <div
              className="absolute text-center p10 f12 sbc7 numberOfPeople"
            >
              for 
              1
               
              adult
            </div>
          </div>,
        ],
        "className": "at_nurturingBanner relative sbcw pb32",
      },
      "ref": null,
      "rendered": Array [
        Object {
          "instance": null,
          "key": undefined,
          "nodeType": "host",
          "props": Object {
            "children": <IconSvg />,
            "className": "absolute t15 l15 nurtureIcon",
            "onClick": [Function],
          },
          "ref": null,
          "rendered": Object {
            "instance": null,
            "key": undefined,
            "nodeType": "function",
            "props": Object {},
            "ref": null,
            "rendered": null,
            "type": [Function],
          },
          "type": "span",
        },
        Object {
          "instance": null,
          "key": undefined,
          "nodeType": "host",
          "props": Object {
            "children": <p
              className="f24 sfcw fw9 text-center "
            >
              Your Total Budget for
              <br />
               
              Kerala
               will be
            </p>,
            "className": "at_nurturingDiv pbc5 flex alignCenter justifyCenter bannerHeading",
          },
          "ref": null,
          "rendered": Object {
            "instance": null,
            "key": undefined,
            "nodeType": "host",
            "props": Object {
              "children": Array [
                "Your Total Budget for",
                <br />,
                " ",
                "Kerala",
                " will be",
              ],
              "className": "f24 sfcw fw9 text-center ",
            },
            "ref": null,
            "rendered": Array [
              "Your Total Budget for",
              Object {
                "instance": null,
                "key": undefined,
                "nodeType": "host",
                "props": Object {},
                "ref": null,
                "rendered": null,
                "type": "br",
              },
              " ",
              "Kerala",
              " will be",
            ],
            "type": "p",
          },
          "type": "div",
        },
        Object {
          "instance": null,
          "key": undefined,
          "nodeType": "host",
          "props": Object {
            "children": Array [
              <BudgetRange
                priceMax={142767}
                priceMin={55152}
              />,
              <div
                className="absolute text-center p10 f12 sbc7 numberOfPeople"
              >
                for 
                1
                 
                adult
              </div>,
            ],
            "className": "absolute wfull budgetWrap",
          },
          "ref": null,
          "rendered": Array [
            Object {
              "instance": null,
              "key": undefined,
              "nodeType": "class",
              "props": Object {
                "priceMax": 142767,
                "priceMin": 55152,
              },
              "ref": null,
              "rendered": null,
              "type": [Function],
            },
            Object {
              "instance": null,
              "key": undefined,
              "nodeType": "host",
              "props": Object {
                "children": Array [
                  "for ",
                  1,
                  " ",
                  "adult",
                  null,
                ],
                "className": "absolute text-center p10 f12 sbc7 numberOfPeople",
              },
              "ref": null,
              "rendered": Array [
                "for ",
                1,
                " ",
                "adult",
                null,
              ],
              "type": "div",
            },
          ],
          "type": "div",
        },
      ],
      "type": "div",
    },
  ],
  Symbol(enzyme.__options__): Object {
    "adapter": ReactSixteenAdapter {
      "options": Object {
        "enableComponentDidUpdateOnSetState": true,
        "legacyContextMode": "parent",
        "lifecycles": Object {
          "componentDidUpdate": Object {
            "onSetState": true,
          },
          "getChildContext": Object {
            "calledByRenderer": false,
          },
          "getDerivedStateFromError": true,
          "getDerivedStateFromProps": Object {
            "hasShouldComponentUpdateBug": false,
          },
          "getSnapshotBeforeUpdate": true,
          "setState": Object {
            "skipsComponentDidUpdateOnNullish": true,
          },
        },
      },
    },
    Symbol(enzyme.__providerValues__): undefined,
  },
  Symbol(enzyme.__providerValues__): Map {},
  Symbol(enzyme.__childContext__): null,
}
`;
