// Jest Snapshot v1, https://goo.gl/fbAQLP

exports[`Traveller dashboard module should render correctly 1`] = `
ShallowWrapper {
  Symbol(enzyme.__root__): [Circular],
  Symbol(enzyme.__unrendered__): <AllTrips
    goBack={[Function]}
    location={Object {}}
    push={[Function]}
    reactivateBooking={[Function]}
    trackSegment={[Function]}
    trips={
      Object {
        "allIds": Array [
          "5282142",
          "5282253",
          "5282255",
        ],
        "byId": Object {
          "5282142": Object {
            "adult": 2,
            "bookingStatusLabel": "Incomplete",
            "budget": "21000..25000",
            "child": 1,
            "currency": null,
            "exclusivePreferencesValues": Object {
              "cabs": "Excluded",
              "flights": "Included",
              "hotels": "5 Star",
            },
            "firstDestinationName": "Goa",
            "fromLoc": "Gurugram, Haryana, India",
            "id": 5282142,
            "info": "thyreyry",
            "phoneNo": "+919876328752",
            "quotesCount": 2,
            "startDate": "2019-12-04",
            "status": "Cancelled",
            "toLoc": "Goa",
            "tripDays": 4,
            "tripStage": 3,
          },
          "5282253": Object {
            "adult": 2,
            "bookingStatusLabel": "Active",
            "budget": "17500..20500",
            "child": 0,
            "currency": null,
            "exclusivePreferencesValues": Object {
              "cabs": "Excluded",
              "flights": "Included",
              "hotels": "5 Star",
            },
            "firstDestinationName": "Goa",
            "fromLoc": "Sarhol, Haryana 122022, India",
            "id": 5282253,
            "info": "uhoi",
            "phoneNo": "+917865876868",
            "quotesCount": 0,
            "startDate": "2019-07-25",
            "status": "Active",
            "toLoc": "Goa",
            "tripDays": 3,
            "tripStage": 3,
          },
          "5282255": Object {
            "adult": 3,
            "bookingStatusLabel": "Incomplete",
            "budget": "18000..21000",
            "child": 0,
            "currency": null,
            "exclusivePreferencesValues": Object {
              "cabs": "Included",
              "flights": "Included",
              "hotels": "5 Star",
            },
            "firstDestinationName": "Goa",
            "fromLoc": "Gurugram, Haryana, India",
            "id": 5282255,
            "info": "",
            "phoneNo": "+918765432365",
            "quotesCount": 0,
            "startDate": "2019-07-25",
            "status": "Dormant",
            "toLoc": "Goa",
            "tripDays": 3,
            "tripStage": 4,
          },
        },
        "loaded": true,
        "loading": false,
      }
    }
  />,
  Symbol(enzyme.__renderer__): Object {
    "batchedUpdates": [Function],
    "checkPropTypes": [Function],
    "getNode": [Function],
    "render": [Function],
    "simulateError": [Function],
    "simulateEvent": [Function],
    "unmount": [Function],
  },
  Symbol(enzyme.__node__): Object {
    "instance": null,
    "key": undefined,
    "nodeType": "host",
    "props": Object {
      "children": Array [
        <NavBar
          goBack={[Function]}
          trackSegment={[Function]}
        />,
        <div
          className="clearfix contentBackground sbc5"
        >
          <div
            className="flex sbcw mb8 bb bs6 at_tripNav overflowXscroll"
          >
            <ForwardRef(render)
              className="flexFull pt15 pb15 pl24 pr24 text-center relative nowrap active at_active"
            >
              <span
                className="f14"
                onClick={[Function]}
              >
                Active Requests
              </span>
            </ForwardRef(render)>
            <ForwardRef(render)
              className="flexFull pt15 pb15 pl24 pr24 text-center relative nowrap null at_incomplete"
            >
              <span
                className="f14 at_incompleteReq"
                onClick={[Function]}
              >
                Incomplete Requests
              </span>
            </ForwardRef(render)>
            <ForwardRef(render)
              className="flexFull pt15 pb15 pl24 pr24 text-center relative nowrap null at_booked"
            >
              <span
                className="f14 at_bookedReq"
                onClick={[Function]}
              >
                Booked
              </span>
            </ForwardRef(render)>
          </div>
          <TripCard
            reactivateBooking={[Function]}
            trackSegment={[Function]}
            tripDetails={
              Object {
                "adult": 2,
                "bookingStatusLabel": "Active",
                "budget": "17500..20500",
                "child": 0,
                "currency": null,
                "exclusivePreferencesValues": Object {
                  "cabs": "Excluded",
                  "flights": "Included",
                  "hotels": "5 Star",
                },
                "firstDestinationName": "Goa",
                "fromLoc": "Sarhol, Haryana 122022, India",
                "id": 5282253,
                "info": "uhoi",
                "phoneNo": "+917865876868",
                "quotesCount": 0,
                "startDate": "2019-07-25",
                "status": "Active",
                "toLoc": "Goa",
                "tripDays": 3,
                "tripStage": 3,
              }
            }
          />
        </div>,
      ],
    },
    "ref": null,
    "rendered": Array [
      Object {
        "instance": null,
        "key": undefined,
        "nodeType": "class",
        "props": Object {
          "goBack": [Function],
          "trackSegment": [Function],
        },
        "ref": null,
        "rendered": null,
        "type": [Function],
      },
      Object {
        "instance": null,
        "key": undefined,
        "nodeType": "host",
        "props": Object {
          "children": Array [
            <div
              className="flex sbcw mb8 bb bs6 at_tripNav overflowXscroll"
            >
              <ForwardRef(render)
                className="flexFull pt15 pb15 pl24 pr24 text-center relative nowrap active at_active"
              >
                <span
                  className="f14"
                  onClick={[Function]}
                >
                  Active Requests
                </span>
              </ForwardRef(render)>
              <ForwardRef(render)
                className="flexFull pt15 pb15 pl24 pr24 text-center relative nowrap null at_incomplete"
              >
                <span
                  className="f14 at_incompleteReq"
                  onClick={[Function]}
                >
                  Incomplete Requests
                </span>
              </ForwardRef(render)>
              <ForwardRef(render)
                className="flexFull pt15 pb15 pl24 pr24 text-center relative nowrap null at_booked"
              >
                <span
                  className="f14 at_bookedReq"
                  onClick={[Function]}
                >
                  Booked
                </span>
              </ForwardRef(render)>
            </div>,
            Array [
              <TripCard
                reactivateBooking={[Function]}
                trackSegment={[Function]}
                tripDetails={
                  Object {
                    "adult": 2,
                    "bookingStatusLabel": "Active",
                    "budget": "17500..20500",
                    "child": 0,
                    "currency": null,
                    "exclusivePreferencesValues": Object {
                      "cabs": "Excluded",
                      "flights": "Included",
                      "hotels": "5 Star",
                    },
                    "firstDestinationName": "Goa",
                    "fromLoc": "Sarhol, Haryana 122022, India",
                    "id": 5282253,
                    "info": "uhoi",
                    "phoneNo": "+917865876868",
                    "quotesCount": 0,
                    "startDate": "2019-07-25",
                    "status": "Active",
                    "toLoc": "Goa",
                    "tripDays": 3,
                    "tripStage": 3,
                  }
                }
              />,
            ],
          ],
          "className": "clearfix contentBackground sbc5",
        },
        "ref": null,
        "rendered": Array [
          Object {
            "instance": null,
            "key": undefined,
            "nodeType": "host",
            "props": Object {
              "children": Array [
                <ForwardRef(render)
                  className="flexFull pt15 pb15 pl24 pr24 text-center relative nowrap active at_active"
                >
                  <span
                    className="f14"
                    onClick={[Function]}
                  >
                    Active Requests
                  </span>
                </ForwardRef(render)>,
                <ForwardRef(render)
                  className="flexFull pt15 pb15 pl24 pr24 text-center relative nowrap null at_incomplete"
                >
                  <span
                    className="f14 at_incompleteReq"
                    onClick={[Function]}
                  >
                    Incomplete Requests
                  </span>
                </ForwardRef(render)>,
                <ForwardRef(render)
                  className="flexFull pt15 pb15 pl24 pr24 text-center relative nowrap null at_booked"
                >
                  <span
                    className="f14 at_bookedReq"
                    onClick={[Function]}
                  >
                    Booked
                  </span>
                </ForwardRef(render)>,
              ],
              "className": "flex sbcw mb8 bb bs6 at_tripNav overflowXscroll",
            },
            "ref": null,
            "rendered": Array [
              Object {
                "instance": null,
                "key": undefined,
                "nodeType": "function",
                "props": Object {
                  "children": <span
                    className="f14"
                    onClick={[Function]}
                  >
                    Active Requests
                  </span>,
                  "className": "flexFull pt15 pb15 pl24 pr24 text-center relative nowrap active at_active",
                },
                "ref": null,
                "rendered": Object {
                  "instance": null,
                  "key": undefined,
                  "nodeType": "host",
                  "props": Object {
                    "children": "Active Requests",
                    "className": "f14",
                    "onClick": [Function],
                  },
                  "ref": null,
                  "rendered": "Active Requests",
                  "type": "span",
                },
                "type": Object {
                  "$$typeof": Symbol(react.forward_ref),
                  "__emotion_base": "div",
                  "__emotion_forwardProp": undefined,
                  "__emotion_real": [Circular],
                  "__emotion_styles": Array [
                    Object {
                      "&.active": Object {
                        "&:before": Object {
                          "background": "#20a397",
                          "bottom": "-1px",
                          "content": "\\"\\"",
                          "height": "3px;",
                          "left": "0",
                          "position": "absolute",
                          "right": "0",
                        },
                        "color": "#20a397",
                      },
                      "cursor": "pointer",
                    },
                  ],
                  "defaultProps": undefined,
                  "displayName": "Styled(div)",
                  "render": [Function],
                  "withComponent": [Function],
                },
              },
              Object {
                "instance": null,
                "key": undefined,
                "nodeType": "function",
                "props": Object {
                  "children": <span
                    className="f14 at_incompleteReq"
                    onClick={[Function]}
                  >
                    Incomplete Requests
                  </span>,
                  "className": "flexFull pt15 pb15 pl24 pr24 text-center relative nowrap null at_incomplete",
                },
                "ref": null,
                "rendered": Object {
                  "instance": null,
                  "key": undefined,
                  "nodeType": "host",
                  "props": Object {
                    "children": "Incomplete Requests",
                    "className": "f14 at_incompleteReq",
                    "onClick": [Function],
                  },
                  "ref": null,
                  "rendered": "Incomplete Requests",
                  "type": "span",
                },
                "type": Object {
                  "$$typeof": Symbol(react.forward_ref),
                  "__emotion_base": "div",
                  "__emotion_forwardProp": undefined,
                  "__emotion_real": [Circular],
                  "__emotion_styles": Array [
                    Object {
                      "&.active": Object {
                        "&:before": Object {
                          "background": "#20a397",
                          "bottom": "-1px",
                          "content": "\\"\\"",
                          "height": "3px;",
                          "left": "0",
                          "position": "absolute",
                          "right": "0",
                        },
                        "color": "#20a397",
                      },
                      "cursor": "pointer",
                    },
                  ],
                  "defaultProps": undefined,
                  "displayName": "Styled(div)",
                  "render": [Function],
                  "withComponent": [Function],
                },
              },
              Object {
                "instance": null,
                "key": undefined,
                "nodeType": "function",
                "props": Object {
                  "children": <span
                    className="f14 at_bookedReq"
                    onClick={[Function]}
                  >
                    Booked
                  </span>,
                  "className": "flexFull pt15 pb15 pl24 pr24 text-center relative nowrap null at_booked",
                },
                "ref": null,
                "rendered": Object {
                  "instance": null,
                  "key": undefined,
                  "nodeType": "host",
                  "props": Object {
                    "children": "Booked",
                    "className": "f14 at_bookedReq",
                    "onClick": [Function],
                  },
                  "ref": null,
                  "rendered": "Booked",
                  "type": "span",
                },
                "type": Object {
                  "$$typeof": Symbol(react.forward_ref),
                  "__emotion_base": "div",
                  "__emotion_forwardProp": undefined,
                  "__emotion_real": [Circular],
                  "__emotion_styles": Array [
                    Object {
                      "&.active": Object {
                        "&:before": Object {
                          "background": "#20a397",
                          "bottom": "-1px",
                          "content": "\\"\\"",
                          "height": "3px;",
                          "left": "0",
                          "position": "absolute",
                          "right": "0",
                        },
                        "color": "#20a397",
                      },
                      "cursor": "pointer",
                    },
                  ],
                  "defaultProps": undefined,
                  "displayName": "Styled(div)",
                  "render": [Function],
                  "withComponent": [Function],
                },
              },
            ],
            "type": "div",
          },
          Object {
            "instance": null,
            "key": "5282253",
            "nodeType": "class",
            "props": Object {
              "reactivateBooking": [Function],
              "trackSegment": [Function],
              "tripDetails": Object {
                "adult": 2,
                "bookingStatusLabel": "Active",
                "budget": "17500..20500",
                "child": 0,
                "currency": null,
                "exclusivePreferencesValues": Object {
                  "cabs": "Excluded",
                  "flights": "Included",
                  "hotels": "5 Star",
                },
                "firstDestinationName": "Goa",
                "fromLoc": "Sarhol, Haryana 122022, India",
                "id": 5282253,
                "info": "uhoi",
                "phoneNo": "+917865876868",
                "quotesCount": 0,
                "startDate": "2019-07-25",
                "status": "Active",
                "toLoc": "Goa",
                "tripDays": 3,
                "tripStage": 3,
              },
            },
            "ref": null,
            "rendered": null,
            "type": [Function],
          },
        ],
        "type": "div",
      },
    ],
    "type": "div",
  },
  Symbol(enzyme.__nodes__): Array [
    Object {
      "instance": null,
      "key": undefined,
      "nodeType": "host",
      "props": Object {
        "children": Array [
          <NavBar
            goBack={[Function]}
            trackSegment={[Function]}
          />,
          <div
            className="clearfix contentBackground sbc5"
          >
            <div
              className="flex sbcw mb8 bb bs6 at_tripNav overflowXscroll"
            >
              <ForwardRef(render)
                className="flexFull pt15 pb15 pl24 pr24 text-center relative nowrap active at_active"
              >
                <span
                  className="f14"
                  onClick={[Function]}
                >
                  Active Requests
                </span>
              </ForwardRef(render)>
              <ForwardRef(render)
                className="flexFull pt15 pb15 pl24 pr24 text-center relative nowrap null at_incomplete"
              >
                <span
                  className="f14 at_incompleteReq"
                  onClick={[Function]}
                >
                  Incomplete Requests
                </span>
              </ForwardRef(render)>
              <ForwardRef(render)
                className="flexFull pt15 pb15 pl24 pr24 text-center relative nowrap null at_booked"
              >
                <span
                  className="f14 at_bookedReq"
                  onClick={[Function]}
                >
                  Booked
                </span>
              </ForwardRef(render)>
            </div>
            <TripCard
              reactivateBooking={[Function]}
              trackSegment={[Function]}
              tripDetails={
                Object {
                  "adult": 2,
                  "bookingStatusLabel": "Active",
                  "budget": "17500..20500",
                  "child": 0,
                  "currency": null,
                  "exclusivePreferencesValues": Object {
                    "cabs": "Excluded",
                    "flights": "Included",
                    "hotels": "5 Star",
                  },
                  "firstDestinationName": "Goa",
                  "fromLoc": "Sarhol, Haryana 122022, India",
                  "id": 5282253,
                  "info": "uhoi",
                  "phoneNo": "+917865876868",
                  "quotesCount": 0,
                  "startDate": "2019-07-25",
                  "status": "Active",
                  "toLoc": "Goa",
                  "tripDays": 3,
                  "tripStage": 3,
                }
              }
            />
          </div>,
        ],
      },
      "ref": null,
      "rendered": Array [
        Object {
          "instance": null,
          "key": undefined,
          "nodeType": "class",
          "props": Object {
            "goBack": [Function],
            "trackSegment": [Function],
          },
          "ref": null,
          "rendered": null,
          "type": [Function],
        },
        Object {
          "instance": null,
          "key": undefined,
          "nodeType": "host",
          "props": Object {
            "children": Array [
              <div
                className="flex sbcw mb8 bb bs6 at_tripNav overflowXscroll"
              >
                <ForwardRef(render)
                  className="flexFull pt15 pb15 pl24 pr24 text-center relative nowrap active at_active"
                >
                  <span
                    className="f14"
                    onClick={[Function]}
                  >
                    Active Requests
                  </span>
                </ForwardRef(render)>
                <ForwardRef(render)
                  className="flexFull pt15 pb15 pl24 pr24 text-center relative nowrap null at_incomplete"
                >
                  <span
                    className="f14 at_incompleteReq"
                    onClick={[Function]}
                  >
                    Incomplete Requests
                  </span>
                </ForwardRef(render)>
                <ForwardRef(render)
                  className="flexFull pt15 pb15 pl24 pr24 text-center relative nowrap null at_booked"
                >
                  <span
                    className="f14 at_bookedReq"
                    onClick={[Function]}
                  >
                    Booked
                  </span>
                </ForwardRef(render)>
              </div>,
              Array [
                <TripCard
                  reactivateBooking={[Function]}
                  trackSegment={[Function]}
                  tripDetails={
                    Object {
                      "adult": 2,
                      "bookingStatusLabel": "Active",
                      "budget": "17500..20500",
                      "child": 0,
                      "currency": null,
                      "exclusivePreferencesValues": Object {
                        "cabs": "Excluded",
                        "flights": "Included",
                        "hotels": "5 Star",
                      },
                      "firstDestinationName": "Goa",
                      "fromLoc": "Sarhol, Haryana 122022, India",
                      "id": 5282253,
                      "info": "uhoi",
                      "phoneNo": "+917865876868",
                      "quotesCount": 0,
                      "startDate": "2019-07-25",
                      "status": "Active",
                      "toLoc": "Goa",
                      "tripDays": 3,
                      "tripStage": 3,
                    }
                  }
                />,
              ],
            ],
            "className": "clearfix contentBackground sbc5",
          },
          "ref": null,
          "rendered": Array [
            Object {
              "instance": null,
              "key": undefined,
              "nodeType": "host",
              "props": Object {
                "children": Array [
                  <ForwardRef(render)
                    className="flexFull pt15 pb15 pl24 pr24 text-center relative nowrap active at_active"
                  >
                    <span
                      className="f14"
                      onClick={[Function]}
                    >
                      Active Requests
                    </span>
                  </ForwardRef(render)>,
                  <ForwardRef(render)
                    className="flexFull pt15 pb15 pl24 pr24 text-center relative nowrap null at_incomplete"
                  >
                    <span
                      className="f14 at_incompleteReq"
                      onClick={[Function]}
                    >
                      Incomplete Requests
                    </span>
                  </ForwardRef(render)>,
                  <ForwardRef(render)
                    className="flexFull pt15 pb15 pl24 pr24 text-center relative nowrap null at_booked"
                  >
                    <span
                      className="f14 at_bookedReq"
                      onClick={[Function]}
                    >
                      Booked
                    </span>
                  </ForwardRef(render)>,
                ],
                "className": "flex sbcw mb8 bb bs6 at_tripNav overflowXscroll",
              },
              "ref": null,
              "rendered": Array [
                Object {
                  "instance": null,
                  "key": undefined,
                  "nodeType": "function",
                  "props": Object {
                    "children": <span
                      className="f14"
                      onClick={[Function]}
                    >
                      Active Requests
                    </span>,
                    "className": "flexFull pt15 pb15 pl24 pr24 text-center relative nowrap active at_active",
                  },
                  "ref": null,
                  "rendered": Object {
                    "instance": null,
                    "key": undefined,
                    "nodeType": "host",
                    "props": Object {
                      "children": "Active Requests",
                      "className": "f14",
                      "onClick": [Function],
                    },
                    "ref": null,
                    "rendered": "Active Requests",
                    "type": "span",
                  },
                  "type": Object {
                    "$$typeof": Symbol(react.forward_ref),
                    "__emotion_base": "div",
                    "__emotion_forwardProp": undefined,
                    "__emotion_real": [Circular],
                    "__emotion_styles": Array [
                      Object {
                        "&.active": Object {
                          "&:before": Object {
                            "background": "#20a397",
                            "bottom": "-1px",
                            "content": "\\"\\"",
                            "height": "3px;",
                            "left": "0",
                            "position": "absolute",
                            "right": "0",
                          },
                          "color": "#20a397",
                        },
                        "cursor": "pointer",
                      },
                    ],
                    "defaultProps": undefined,
                    "displayName": "Styled(div)",
                    "render": [Function],
                    "withComponent": [Function],
                  },
                },
                Object {
                  "instance": null,
                  "key": undefined,
                  "nodeType": "function",
                  "props": Object {
                    "children": <span
                      className="f14 at_incompleteReq"
                      onClick={[Function]}
                    >
                      Incomplete Requests
                    </span>,
                    "className": "flexFull pt15 pb15 pl24 pr24 text-center relative nowrap null at_incomplete",
                  },
                  "ref": null,
                  "rendered": Object {
                    "instance": null,
                    "key": undefined,
                    "nodeType": "host",
                    "props": Object {
                      "children": "Incomplete Requests",
                      "className": "f14 at_incompleteReq",
                      "onClick": [Function],
                    },
                    "ref": null,
                    "rendered": "Incomplete Requests",
                    "type": "span",
                  },
                  "type": Object {
                    "$$typeof": Symbol(react.forward_ref),
                    "__emotion_base": "div",
                    "__emotion_forwardProp": undefined,
                    "__emotion_real": [Circular],
                    "__emotion_styles": Array [
                      Object {
                        "&.active": Object {
                          "&:before": Object {
                            "background": "#20a397",
                            "bottom": "-1px",
                            "content": "\\"\\"",
                            "height": "3px;",
                            "left": "0",
                            "position": "absolute",
                            "right": "0",
                          },
                          "color": "#20a397",
                        },
                        "cursor": "pointer",
                      },
                    ],
                    "defaultProps": undefined,
                    "displayName": "Styled(div)",
                    "render": [Function],
                    "withComponent": [Function],
                  },
                },
                Object {
                  "instance": null,
                  "key": undefined,
                  "nodeType": "function",
                  "props": Object {
                    "children": <span
                      className="f14 at_bookedReq"
                      onClick={[Function]}
                    >
                      Booked
                    </span>,
                    "className": "flexFull pt15 pb15 pl24 pr24 text-center relative nowrap null at_booked",
                  },
                  "ref": null,
                  "rendered": Object {
                    "instance": null,
                    "key": undefined,
                    "nodeType": "host",
                    "props": Object {
                      "children": "Booked",
                      "className": "f14 at_bookedReq",
                      "onClick": [Function],
                    },
                    "ref": null,
                    "rendered": "Booked",
                    "type": "span",
                  },
                  "type": Object {
                    "$$typeof": Symbol(react.forward_ref),
                    "__emotion_base": "div",
                    "__emotion_forwardProp": undefined,
                    "__emotion_real": [Circular],
                    "__emotion_styles": Array [
                      Object {
                        "&.active": Object {
                          "&:before": Object {
                            "background": "#20a397",
                            "bottom": "-1px",
                            "content": "\\"\\"",
                            "height": "3px;",
                            "left": "0",
                            "position": "absolute",
                            "right": "0",
                          },
                          "color": "#20a397",
                        },
                        "cursor": "pointer",
                      },
                    ],
                    "defaultProps": undefined,
                    "displayName": "Styled(div)",
                    "render": [Function],
                    "withComponent": [Function],
                  },
                },
              ],
              "type": "div",
            },
            Object {
              "instance": null,
              "key": "5282253",
              "nodeType": "class",
              "props": Object {
                "reactivateBooking": [Function],
                "trackSegment": [Function],
                "tripDetails": Object {
                  "adult": 2,
                  "bookingStatusLabel": "Active",
                  "budget": "17500..20500",
                  "child": 0,
                  "currency": null,
                  "exclusivePreferencesValues": Object {
                    "cabs": "Excluded",
                    "flights": "Included",
                    "hotels": "5 Star",
                  },
                  "firstDestinationName": "Goa",
                  "fromLoc": "Sarhol, Haryana 122022, India",
                  "id": 5282253,
                  "info": "uhoi",
                  "phoneNo": "+917865876868",
                  "quotesCount": 0,
                  "startDate": "2019-07-25",
                  "status": "Active",
                  "toLoc": "Goa",
                  "tripDays": 3,
                  "tripStage": 3,
                },
              },
              "ref": null,
              "rendered": null,
              "type": [Function],
            },
          ],
          "type": "div",
        },
      ],
      "type": "div",
    },
  ],
  Symbol(enzyme.__options__): Object {
    "adapter": ReactSixteenAdapter {
      "options": Object {
        "enableComponentDidUpdateOnSetState": true,
        "legacyContextMode": "parent",
        "lifecycles": Object {
          "componentDidUpdate": Object {
            "onSetState": true,
          },
          "getChildContext": Object {
            "calledByRenderer": false,
          },
          "getDerivedStateFromError": true,
          "getDerivedStateFromProps": Object {
            "hasShouldComponentUpdateBug": false,
          },
          "getSnapshotBeforeUpdate": true,
          "setState": Object {
            "skipsComponentDidUpdateOnNullish": true,
          },
        },
      },
    },
    Symbol(enzyme.__providerValues__): undefined,
  },
  Symbol(enzyme.__providerValues__): Map {},
  Symbol(enzyme.__childContext__): null,
}
`;
