// Jest Snapshot v1, https://goo.gl/fbAQLP

exports[`Testimonials module should render correctly 1`] = `
ShallowWrapper {
  Symbol(enzyme.__root__): [Circular],
  Symbol(enzyme.__unrendered__): <Banner
    bannerAlt="Happy Travelers"
    bannerPath=""
    positiveRating={5172}
    totalRating={5430}
  />,
  Symbol(enzyme.__renderer__): Object {
    "batchedUpdates": [Function],
    "checkPropTypes": [Function],
    "getNode": [Function],
    "render": [Function],
    "simulateError": [Function],
    "simulateEvent": [Function],
    "unmount": [Function],
  },
  Symbol(enzyme.__node__): Object {
    "instance": null,
    "key": undefined,
    "nodeType": "host",
    "props": Object {
      "children": Array [
        <ForwardRef(render)
          className="overflowh relative"
        >
          <img
            alt="Happy Travelers"
            className="absolute-center"
            src=""
          />
        </ForwardRef(render)>,
        <ForwardRef(render)
          className="absolute b0 l0 r0 p15 t0"
        >
          <BannerDataLeft
            positiveReview={5172}
            title="Happy Travelers"
            totalReview={5430}
          />
        </ForwardRef(render)>,
      ],
      "className": "relative",
    },
    "ref": null,
    "rendered": Array [
      Object {
        "instance": null,
        "key": undefined,
        "nodeType": "function",
        "props": Object {
          "children": <img
            alt="Happy Travelers"
            className="absolute-center"
            src=""
          />,
          "className": "overflowh relative",
        },
        "ref": null,
        "rendered": Object {
          "instance": null,
          "key": undefined,
          "nodeType": "host",
          "props": Object {
            "alt": "Happy Travelers",
            "className": "absolute-center",
            "src": "",
          },
          "ref": null,
          "rendered": null,
          "type": "img",
        },
        "type": Object {
          "$$typeof": Symbol(react.forward_ref),
          "__emotion_base": "div",
          "__emotion_forwardProp": undefined,
          "__emotion_real": [Circular],
          "__emotion_styles": Array [
            Object {
              "& img": Object {
                "maxWidth": "none",
                "minHeight": "100%",
                "minWidth": "100%",
              },
              "height": "270px",
            },
          ],
          "defaultProps": undefined,
          "displayName": "Styled(div)",
          "render": [Function],
          "withComponent": [Function],
        },
      },
      Object {
        "instance": null,
        "key": undefined,
        "nodeType": "function",
        "props": Object {
          "children": <BannerDataLeft
            positiveReview={5172}
            title="Happy Travelers"
            totalReview={5430}
          />,
          "className": "absolute b0 l0 r0 p15 t0",
        },
        "ref": null,
        "rendered": Object {
          "instance": null,
          "key": undefined,
          "nodeType": "function",
          "props": Object {
            "positiveReview": 5172,
            "title": "Happy Travelers",
            "totalReview": 5430,
          },
          "ref": null,
          "rendered": null,
          "type": [Function],
        },
        "type": Object {
          "$$typeof": Symbol(react.forward_ref),
          "__emotion_base": "div",
          "__emotion_forwardProp": undefined,
          "__emotion_real": [Circular],
          "__emotion_styles": Array [
            Object {
              "background": "rgba(0,0,0,0.4)",
            },
          ],
          "defaultProps": undefined,
          "displayName": "Styled(div)",
          "render": [Function],
          "withComponent": [Function],
        },
      },
    ],
    "type": "div",
  },
  Symbol(enzyme.__nodes__): Array [
    Object {
      "instance": null,
      "key": undefined,
      "nodeType": "host",
      "props": Object {
        "children": Array [
          <ForwardRef(render)
            className="overflowh relative"
          >
            <img
              alt="Happy Travelers"
              className="absolute-center"
              src=""
            />
          </ForwardRef(render)>,
          <ForwardRef(render)
            className="absolute b0 l0 r0 p15 t0"
          >
            <BannerDataLeft
              positiveReview={5172}
              title="Happy Travelers"
              totalReview={5430}
            />
          </ForwardRef(render)>,
        ],
        "className": "relative",
      },
      "ref": null,
      "rendered": Array [
        Object {
          "instance": null,
          "key": undefined,
          "nodeType": "function",
          "props": Object {
            "children": <img
              alt="Happy Travelers"
              className="absolute-center"
              src=""
            />,
            "className": "overflowh relative",
          },
          "ref": null,
          "rendered": Object {
            "instance": null,
            "key": undefined,
            "nodeType": "host",
            "props": Object {
              "alt": "Happy Travelers",
              "className": "absolute-center",
              "src": "",
            },
            "ref": null,
            "rendered": null,
            "type": "img",
          },
          "type": Object {
            "$$typeof": Symbol(react.forward_ref),
            "__emotion_base": "div",
            "__emotion_forwardProp": undefined,
            "__emotion_real": [Circular],
            "__emotion_styles": Array [
              Object {
                "& img": Object {
                  "maxWidth": "none",
                  "minHeight": "100%",
                  "minWidth": "100%",
                },
                "height": "270px",
              },
            ],
            "defaultProps": undefined,
            "displayName": "Styled(div)",
            "render": [Function],
            "withComponent": [Function],
          },
        },
        Object {
          "instance": null,
          "key": undefined,
          "nodeType": "function",
          "props": Object {
            "children": <BannerDataLeft
              positiveReview={5172}
              title="Happy Travelers"
              totalReview={5430}
            />,
            "className": "absolute b0 l0 r0 p15 t0",
          },
          "ref": null,
          "rendered": Object {
            "instance": null,
            "key": undefined,
            "nodeType": "function",
            "props": Object {
              "positiveReview": 5172,
              "title": "Happy Travelers",
              "totalReview": 5430,
            },
            "ref": null,
            "rendered": null,
            "type": [Function],
          },
          "type": Object {
            "$$typeof": Symbol(react.forward_ref),
            "__emotion_base": "div",
            "__emotion_forwardProp": undefined,
            "__emotion_real": [Circular],
            "__emotion_styles": Array [
              Object {
                "background": "rgba(0,0,0,0.4)",
              },
            ],
            "defaultProps": undefined,
            "displayName": "Styled(div)",
            "render": [Function],
            "withComponent": [Function],
          },
        },
      ],
      "type": "div",
    },
  ],
  Symbol(enzyme.__options__): Object {
    "adapter": ReactSixteenAdapter {
      "options": Object {
        "enableComponentDidUpdateOnSetState": true,
        "legacyContextMode": "parent",
        "lifecycles": Object {
          "componentDidUpdate": Object {
            "onSetState": true,
          },
          "getChildContext": Object {
            "calledByRenderer": false,
          },
          "getDerivedStateFromError": true,
          "getDerivedStateFromProps": Object {
            "hasShouldComponentUpdateBug": false,
          },
          "getSnapshotBeforeUpdate": true,
          "setState": Object {
            "skipsComponentDidUpdateOnNullish": true,
          },
        },
      },
    },
    Symbol(enzyme.__providerValues__): undefined,
  },
  Symbol(enzyme.__providerValues__): Map {},
}
`;
