// Jest Snapshot v1, https://goo.gl/fbAQLP

exports[`Inclusions: Render Correctly  should match with the previous snapshot 1`] = `
ShallowWrapper {
  Symbol(enzyme.__root__): [Circular],
  Symbol(enzyme.__unrendered__): <InclusionExclusion
    classNames=""
    item="Inclusion dummy text"
    sectionName="inclusions-sec"
    setPdmCategory={[Function]}
    showHidePdmView={[Function]}
    title="Inclusions"
    trackSegment={[Function]}
  />,
  Symbol(enzyme.__renderer__): Object {
    "batchedUpdates": [Function],
    "checkPropTypes": [Function],
    "getNode": [Function],
    "render": [Function],
    "simulateError": [Function],
    "simulateEvent": [Function],
    "unmount": [Function],
  },
  Symbol(enzyme.__node__): Object {
    "instance": null,
    "key": undefined,
    "nodeType": "class",
    "props": Object {
      "children": <div
        className="pfc3 f14 sbcw mt8"
      >
        <QuoteCardHeader
          category=""
          chatButtonName="Edit Package"
          handleChatClick={[Function]}
          heading="Inclusions"
          icon={<IconSvg />}
        />
        <div
          className="sbcw p15 pl48 pt0"
        >
          Inclusion dummy text
        </div>
      </div>,
      "name": "inclusions-sec",
    },
    "ref": null,
    "rendered": Object {
      "instance": null,
      "key": undefined,
      "nodeType": "host",
      "props": Object {
        "children": Array [
          <QuoteCardHeader
            category=""
            chatButtonName="Edit Package"
            handleChatClick={[Function]}
            heading="Inclusions"
            icon={<IconSvg />}
          />,
          <div
            className="sbcw p15 pl48 pt0"
          >
            Inclusion dummy text
          </div>,
        ],
        "className": "pfc3 f14 sbcw mt8",
      },
      "ref": null,
      "rendered": Array [
        Object {
          "instance": null,
          "key": undefined,
          "nodeType": "function",
          "props": Object {
            "category": "",
            "chatButtonName": "Edit Package",
            "handleChatClick": [Function],
            "heading": "Inclusions",
            "icon": <IconSvg />,
          },
          "ref": null,
          "rendered": null,
          "type": [Function],
        },
        Object {
          "instance": null,
          "key": undefined,
          "nodeType": "host",
          "props": Object {
            "children": "Inclusion dummy text",
            "className": "sbcw p15 pl48 pt0",
          },
          "ref": null,
          "rendered": "Inclusion dummy text",
          "type": "div",
        },
      ],
      "type": "div",
    },
    "type": [Function],
  },
  Symbol(enzyme.__nodes__): Array [
    Object {
      "instance": null,
      "key": undefined,
      "nodeType": "class",
      "props": Object {
        "children": <div
          className="pfc3 f14 sbcw mt8"
        >
          <QuoteCardHeader
            category=""
            chatButtonName="Edit Package"
            handleChatClick={[Function]}
            heading="Inclusions"
            icon={<IconSvg />}
          />
          <div
            className="sbcw p15 pl48 pt0"
          >
            Inclusion dummy text
          </div>
        </div>,
        "name": "inclusions-sec",
      },
      "ref": null,
      "rendered": Object {
        "instance": null,
        "key": undefined,
        "nodeType": "host",
        "props": Object {
          "children": Array [
            <QuoteCardHeader
              category=""
              chatButtonName="Edit Package"
              handleChatClick={[Function]}
              heading="Inclusions"
              icon={<IconSvg />}
            />,
            <div
              className="sbcw p15 pl48 pt0"
            >
              Inclusion dummy text
            </div>,
          ],
          "className": "pfc3 f14 sbcw mt8",
        },
        "ref": null,
        "rendered": Array [
          Object {
            "instance": null,
            "key": undefined,
            "nodeType": "function",
            "props": Object {
              "category": "",
              "chatButtonName": "Edit Package",
              "handleChatClick": [Function],
              "heading": "Inclusions",
              "icon": <IconSvg />,
            },
            "ref": null,
            "rendered": null,
            "type": [Function],
          },
          Object {
            "instance": null,
            "key": undefined,
            "nodeType": "host",
            "props": Object {
              "children": "Inclusion dummy text",
              "className": "sbcw p15 pl48 pt0",
            },
            "ref": null,
            "rendered": "Inclusion dummy text",
            "type": "div",
          },
        ],
        "type": "div",
      },
      "type": [Function],
    },
  ],
  Symbol(enzyme.__options__): Object {
    "adapter": ReactSixteenAdapter {
      "options": Object {
        "enableComponentDidUpdateOnSetState": true,
        "legacyContextMode": "parent",
        "lifecycles": Object {
          "componentDidUpdate": Object {
            "onSetState": true,
          },
          "getChildContext": Object {
            "calledByRenderer": false,
          },
          "getDerivedStateFromError": true,
          "getDerivedStateFromProps": Object {
            "hasShouldComponentUpdateBug": false,
          },
          "getSnapshotBeforeUpdate": true,
          "setState": Object {
            "skipsComponentDidUpdateOnNullish": true,
          },
        },
      },
    },
    Symbol(enzyme.__providerValues__): undefined,
  },
  Symbol(enzyme.__providerValues__): Map {},
}
`;
