// Jest Snapshot v1, https://goo.gl/fbAQLP

exports[`Render Include Flight Component  should match with the previous snapshot 1`] = `
ShallowWrapper {
  Symbol(enzyme.__root__): [Circular],
  Symbol(enzyme.__unrendered__): <IncludeFlight />,
  Symbol(enzyme.__renderer__): Object {
    "batchedUpdates": [Function],
    "checkPropTypes": [Function],
    "getNode": [Function],
    "render": [Function],
    "simulateError": [Function],
    "simulateEvent": [Function],
    "unmount": [Function],
  },
  Symbol(enzyme.__node__): Object {
    "instance": null,
    "key": undefined,
    "nodeType": "host",
    "props": Object {
      "children": Array [
        <p
          className="fw9"
        >
          Flights
        </p>,
        <div
          className="toggleBtn"
        >
          <label
            className="switch"
          >
            <input
              name="flights"
              onChange={[Function]}
              type="checkbox"
              value={true}
            />
            <span
              className="slider"
            />
          </label>
        </div>,
      ],
      "className": "at_includeFlight p24 flex mb64 spaceBetween bottomSpacing",
    },
    "ref": null,
    "rendered": Array [
      Object {
        "instance": null,
        "key": undefined,
        "nodeType": "host",
        "props": Object {
          "children": "Flights",
          "className": "fw9",
        },
        "ref": null,
        "rendered": "Flights",
        "type": "p",
      },
      Object {
        "instance": null,
        "key": undefined,
        "nodeType": "host",
        "props": Object {
          "children": <label
            className="switch"
          >
            <input
              name="flights"
              onChange={[Function]}
              type="checkbox"
              value={true}
            />
            <span
              className="slider"
            />
          </label>,
          "className": "toggleBtn",
        },
        "ref": null,
        "rendered": Object {
          "instance": null,
          "key": undefined,
          "nodeType": "host",
          "props": Object {
            "children": Array [
              <input
                name="flights"
                onChange={[Function]}
                type="checkbox"
                value={true}
              />,
              <span
                className="slider"
              />,
            ],
            "className": "switch",
          },
          "ref": null,
          "rendered": Array [
            Object {
              "instance": null,
              "key": undefined,
              "nodeType": "host",
              "props": Object {
                "name": "flights",
                "onChange": [Function],
                "type": "checkbox",
                "value": true,
              },
              "ref": null,
              "rendered": null,
              "type": "input",
            },
            Object {
              "instance": null,
              "key": undefined,
              "nodeType": "host",
              "props": Object {
                "className": "slider",
              },
              "ref": null,
              "rendered": null,
              "type": "span",
            },
          ],
          "type": "label",
        },
        "type": "div",
      },
    ],
    "type": "div",
  },
  Symbol(enzyme.__nodes__): Array [
    Object {
      "instance": null,
      "key": undefined,
      "nodeType": "host",
      "props": Object {
        "children": Array [
          <p
            className="fw9"
          >
            Flights
          </p>,
          <div
            className="toggleBtn"
          >
            <label
              className="switch"
            >
              <input
                name="flights"
                onChange={[Function]}
                type="checkbox"
                value={true}
              />
              <span
                className="slider"
              />
            </label>
          </div>,
        ],
        "className": "at_includeFlight p24 flex mb64 spaceBetween bottomSpacing",
      },
      "ref": null,
      "rendered": Array [
        Object {
          "instance": null,
          "key": undefined,
          "nodeType": "host",
          "props": Object {
            "children": "Flights",
            "className": "fw9",
          },
          "ref": null,
          "rendered": "Flights",
          "type": "p",
        },
        Object {
          "instance": null,
          "key": undefined,
          "nodeType": "host",
          "props": Object {
            "children": <label
              className="switch"
            >
              <input
                name="flights"
                onChange={[Function]}
                type="checkbox"
                value={true}
              />
              <span
                className="slider"
              />
            </label>,
            "className": "toggleBtn",
          },
          "ref": null,
          "rendered": Object {
            "instance": null,
            "key": undefined,
            "nodeType": "host",
            "props": Object {
              "children": Array [
                <input
                  name="flights"
                  onChange={[Function]}
                  type="checkbox"
                  value={true}
                />,
                <span
                  className="slider"
                />,
              ],
              "className": "switch",
            },
            "ref": null,
            "rendered": Array [
              Object {
                "instance": null,
                "key": undefined,
                "nodeType": "host",
                "props": Object {
                  "name": "flights",
                  "onChange": [Function],
                  "type": "checkbox",
                  "value": true,
                },
                "ref": null,
                "rendered": null,
                "type": "input",
              },
              Object {
                "instance": null,
                "key": undefined,
                "nodeType": "host",
                "props": Object {
                  "className": "slider",
                },
                "ref": null,
                "rendered": null,
                "type": "span",
              },
            ],
            "type": "label",
          },
          "type": "div",
        },
      ],
      "type": "div",
    },
  ],
  Symbol(enzyme.__options__): Object {
    "adapter": ReactSixteenAdapter {
      "options": Object {
        "enableComponentDidUpdateOnSetState": true,
        "legacyContextMode": "parent",
        "lifecycles": Object {
          "componentDidUpdate": Object {
            "onSetState": true,
          },
          "getChildContext": Object {
            "calledByRenderer": false,
          },
          "getDerivedStateFromError": false,
          "getDerivedStateFromProps": Object {
            "hasShouldComponentUpdateBug": false,
          },
          "getSnapshotBeforeUpdate": true,
          "setState": Object {
            "skipsComponentDidUpdateOnNullish": true,
          },
        },
      },
    },
    Symbol(enzyme.__providerValues__): undefined,
  },
  Symbol(enzyme.__providerValues__): Map {},
  Symbol(enzyme.__childContext__): null,
}
`;
