// Jest Snapshot v1, https://goo.gl/fbAQLP

exports[`Quote module should render correctly 1`] = `
ShallowWrapper {
  Symbol(enzyme.__root__): [Circular],
  Symbol(enzyme.__unrendered__): <QuotesReceived
    bookNow={[MockFunction]}
    constants={
      Object {
        "request_more_quotes_options": Object {
          "1": "Quotes are higher than my budget",
          "2": "Not satisfied with the hotels",
          "3": "Want a different itinerary",
          "4": "Wish to customize my existing package",
          "5": "Want to travel to some other destination",
          "6": "Other reason",
        },
      }
    }
    currentTripId="4582265"
    fetchDiscountOffers={[MockFunction]}
    fetchQuotes={[MockFunction]}
    fetchQuotesComments={
      [MockFunction] {
        "calls": Array [
          Array [
            Object {
              "quoteIds": Array [
                "8355980",
              ],
              "tripId": "4582265",
            },
          ],
        ],
        "results": Array [
          Object {
            "isThrow": false,
            "value": undefined,
          },
        ],
      }
    }
    fetchQuotesConstants={
      [MockFunction] {
        "calls": Array [
          Array [],
        ],
        "results": Array [
          Object {
            "isThrow": false,
            "value": undefined,
          },
        ],
      }
    }
    layout={Object {}}
    loaded={false}
    location={Object {}}
    pushState={[MockFunction]}
    quoteRejectionReasons={
      Object {
        "1": "Quotes are higher than my budget",
        "2": "Want a different itinerary",
        "3": "Wish to customize my existing package",
        "4": "Want to travel to some other destination",
        "5": "Others",
        "6": "Not satisfied with the hotels",
      }
    }
    quotes={
      Object {
        "8355980": Object {
          "adults": 2,
          "agent": Object {
            "agentsConvertedTrips": 1301,
            "companyName": "Agent 128324",
            "createdAt": "2015-02-13T10:45:32+05:30",
            "description": "TripSailer.Com is now a pioneering Indian travel company, endorsing professional",
            "displayName": "Agent 128324",
            "displayRating": 3.5,
            "email": "UserEmail128324@gmail.com",
            "encryptedId": "3132383332342d547261-Travel-Agency-683",
            "fullAddress": "Office No.229, 02nd Floor, Plot No.10, Vardhman Bahnhof Plaza,MLU Pocket-7, Sector-12 Dwarka, DWARKA, DELHI, India, 110078",
            "id": 128324,
            "landlineNumber": "47494404",
            "mobileNumber": "09311834343",
            "profilePicture": "https://res.cloudinary.com/dma3zc8eo/image/fetch/f_auto,q_auto:eco,w_300/https://d2ly56lqom12n0.cloudfront.net/attachments/tr_a_profiles/683/original/Tripsailerlogo.png",
            "ratingStats": Object {
              "fiveStar": 322,
              "fiveStarPercentage": 23.83419689119171,
              "fourStar": 569,
              "fourStarPercentage": 42.11695040710585,
              "oneStar": 3,
              "oneStarPercentage": 0.22205773501110287,
              "positiveRating": 891,
              "positiveRatingPercentage": 66,
              "ratingText": "Superb Reviews",
              "threeStar": 442,
              "threeStarPercentage": 32.716506291635824,
              "totalPositiveRating": 1351,
              "totalRating": 1351,
              "twoStar": 15,
              "twoStarPercentage": 1.1102886750555145,
            },
            "revenueEarned": 91070000,
            "reviewsCount": 1351,
            "testimonialUrl": "https://bookings-qa2.ttdev.in/agents/3132383332342d547261-Travel-Agency-683",
            "updatedAt": "2019-05-29T16:27:01+05:30",
          },
          "cabsText": "All transfers and sightseeing by Swift AC Dezire  Ex. Kathgodam


",
          "childs": 0,
          "days": 4,
          "departureCity": "Delhi",
          "exclusionsText": "Accomodation : Single
Accomodation : Double
Meal plan : Lunch
Use of gymnasium
English Speaking Driver
Trip suppliments
Cab : SIC",
          "flightsText": "",
          "hotelText": "Night 1,2,  Nainital Aamod Resort, Bhimtal, Executive Room 

Night 3,  Gajraj Trail Resort, Premium Room + 1 Extra Mattress ",
          "id": 8355980,
          "inclusionsText": "Accomodation : Triple
Meal plan : Breakfast
Meal plan : Dinner
Welcome Drink
Wifi Connection
Tv with cable connection
Use of Swimming Pool
Government Taxes/VAT/ Service Charges
Toll Tax
Trans…",
          "invoiceShowUrl": "https://bookings-qa2.ttdev.in/invoice/download/219365",
          "nights": 3,
          "pricingInfo": Object {
            "currency": "Rupee",
            "discount": 0,
            "flightCost": 0,
            "perPersonBudget": 16250,
            "perPersonText": "total",
            "price": 31500,
            "priceInRupee": 31500,
            "totalPrice": 31500,
            "visaCost": 0,
          },
          "status": "invoiced",
          "statusUpdates": Array [],
          "subAccountId": 2847,
          "tripEndDate": "2019-06-17",
          "tripStartDate": "2019-06-14",
          "updatedAt": "2019-05-29T15:14:27+05:30",
          "versionCount": 0,
        },
      }
    }
    quotesComments={Object {}}
    reactivateQuote={[MockFunction]}
    rejectQuote={[MockFunction]}
    requestMoreQuotes={[MockFunction]}
    sortOrder={
      Array [
        8355980,
      ]
    }
    trackSegment={[Function]}
    userDetails={Object {}}
  />,
  Symbol(enzyme.__renderer__): Object {
    "batchedUpdates": [Function],
    "checkPropTypes": [Function],
    "getNode": [Function],
    "render": [Function],
    "simulateError": [Function],
    "simulateEvent": [Function],
    "unmount": [Function],
  },
  Symbol(enzyme.__node__): Object {
    "instance": null,
    "key": undefined,
    "nodeType": "host",
    "props": Object {
      "children": Array [
        Array [
          <QuoteBox
            bookNow={[MockFunction]}
            callbackHandler={[Function]}
            cardIndex={0}
            quote={
              Object {
                "adults": 2,
                "agent": Object {
                  "agentsConvertedTrips": 1301,
                  "companyName": "Agent 128324",
                  "createdAt": "2015-02-13T10:45:32+05:30",
                  "description": "TripSailer.Com is now a pioneering Indian travel company, endorsing professional",
                  "displayName": "Agent 128324",
                  "displayRating": 3.5,
                  "email": "UserEmail128324@gmail.com",
                  "encryptedId": "3132383332342d547261-Travel-Agency-683",
                  "fullAddress": "Office No.229, 02nd Floor, Plot No.10, Vardhman Bahnhof Plaza,MLU Pocket-7, Sector-12 Dwarka, DWARKA, DELHI, India, 110078",
                  "id": 128324,
                  "landlineNumber": "47494404",
                  "mobileNumber": "09311834343",
                  "profilePicture": "https://res.cloudinary.com/dma3zc8eo/image/fetch/f_auto,q_auto:eco,w_300/https://d2ly56lqom12n0.cloudfront.net/attachments/tr_a_profiles/683/original/Tripsailerlogo.png",
                  "ratingStats": Object {
                    "fiveStar": 322,
                    "fiveStarPercentage": 23.83419689119171,
                    "fourStar": 569,
                    "fourStarPercentage": 42.11695040710585,
                    "oneStar": 3,
                    "oneStarPercentage": 0.22205773501110287,
                    "positiveRating": 891,
                    "positiveRatingPercentage": 66,
                    "ratingText": "Superb Reviews",
                    "threeStar": 442,
                    "threeStarPercentage": 32.716506291635824,
                    "totalPositiveRating": 1351,
                    "totalRating": 1351,
                    "twoStar": 15,
                    "twoStarPercentage": 1.1102886750555145,
                  },
                  "revenueEarned": 91070000,
                  "reviewsCount": 1351,
                  "testimonialUrl": "https://bookings-qa2.ttdev.in/agents/3132383332342d547261-Travel-Agency-683",
                  "updatedAt": "2019-05-29T16:27:01+05:30",
                },
                "cabsText": "All transfers and sightseeing by Swift AC Dezire  Ex. Kathgodam


",
                "childs": 0,
                "days": 4,
                "departureCity": "Delhi",
                "exclusionsText": "Accomodation : Single
Accomodation : Double
Meal plan : Lunch
Use of gymnasium
English Speaking Driver
Trip suppliments
Cab : SIC",
                "flightsText": "",
                "hotelText": "Night 1,2,  Nainital Aamod Resort, Bhimtal, Executive Room 

Night 3,  Gajraj Trail Resort, Premium Room + 1 Extra Mattress ",
                "id": 8355980,
                "inclusionsText": "Accomodation : Triple
Meal plan : Breakfast
Meal plan : Dinner
Welcome Drink
Wifi Connection
Tv with cable connection
Use of Swimming Pool
Government Taxes/VAT/ Service Charges
Toll Tax
Trans…",
                "invoiceShowUrl": "https://bookings-qa2.ttdev.in/invoice/download/219365",
                "nights": 3,
                "pricingInfo": Object {
                  "currency": "Rupee",
                  "discount": 0,
                  "flightCost": 0,
                  "perPersonBudget": 16250,
                  "perPersonText": "total",
                  "price": 31500,
                  "priceInRupee": 31500,
                  "totalPrice": 31500,
                  "visaCost": 0,
                },
                "status": "invoiced",
                "statusUpdates": Array [],
                "subAccountId": 2847,
                "tripEndDate": "2019-06-17",
                "tripStartDate": "2019-06-14",
                "updatedAt": "2019-05-29T15:14:27+05:30",
                "versionCount": 0,
              }
            }
            quoteRejectionReasons={
              Object {
                "1": "Quotes are higher than my budget",
                "2": "Want a different itinerary",
                "3": "Wish to customize my existing package",
                "4": "Want to travel to some other destination",
                "5": "Others",
                "6": "Not satisfied with the hotels",
              }
            }
            trackSegment={[Function]}
            tripId="4582265"
            userDetails={Object {}}
          />,
        ],
        <VisibilitySensor
          active={true}
          containment={null}
          delayedCall={true}
          intervalCheck={true}
          intervalDelay={100}
          minTopValue={0}
          offset={Object {}}
          onChange={[Function]}
          partialVisibility="bottom"
          resizeCheck={false}
          resizeDelay={250}
          resizeThrottle={-1}
          scrollCheck={false}
          scrollDelay={250}
          scrollThrottle={-1}
        >
          <div
            className="sbcw p15 at_requestMore_section"
          >
            <p
              className="f14 mb5 pfc3 text-center"
            >
              Not satisfied with the quote?
            </p>
            <div
              className="btn-sec-load wfull at_requestMore"
              onClick={[Function]}
            >
              Request More Quotes
            </div>
            <ModalComponent
              customClass=""
              customCloseTrigger={true}
              disabled={false}
              fullView={false}
              hasCustomClose={false}
              hasNoClose={false}
              isOpen={false}
              isTriggerFullView={false}
              isWhiteIcon={false}
              onAfterModalOpen={[Function]}
              onRequestCloseCustom={[Function]}
              trigger={null}
            >
              <ReduxForm
                handleCancel={[Function]}
                onSubmit={[Function]}
                trackSegment={[Function]}
              />
            </ModalComponent>
          </div>
        </VisibilitySensor>,
      ],
    },
    "ref": null,
    "rendered": Array [
      Object {
        "instance": null,
        "key": "8355980",
        "nodeType": "class",
        "props": Object {
          "bookNow": [MockFunction],
          "callbackHandler": [Function],
          "cardIndex": 0,
          "comments": undefined,
          "quote": Object {
            "adults": 2,
            "agent": Object {
              "agentsConvertedTrips": 1301,
              "companyName": "Agent 128324",
              "createdAt": "2015-02-13T10:45:32+05:30",
              "description": "TripSailer.Com is now a pioneering Indian travel company, endorsing professional",
              "displayName": "Agent 128324",
              "displayRating": 3.5,
              "email": "UserEmail128324@gmail.com",
              "encryptedId": "3132383332342d547261-Travel-Agency-683",
              "fullAddress": "Office No.229, 02nd Floor, Plot No.10, Vardhman Bahnhof Plaza,MLU Pocket-7, Sector-12 Dwarka, DWARKA, DELHI, India, 110078",
              "id": 128324,
              "landlineNumber": "47494404",
              "mobileNumber": "09311834343",
              "profilePicture": "https://res.cloudinary.com/dma3zc8eo/image/fetch/f_auto,q_auto:eco,w_300/https://d2ly56lqom12n0.cloudfront.net/attachments/tr_a_profiles/683/original/Tripsailerlogo.png",
              "ratingStats": Object {
                "fiveStar": 322,
                "fiveStarPercentage": 23.83419689119171,
                "fourStar": 569,
                "fourStarPercentage": 42.11695040710585,
                "oneStar": 3,
                "oneStarPercentage": 0.22205773501110287,
                "positiveRating": 891,
                "positiveRatingPercentage": 66,
                "ratingText": "Superb Reviews",
                "threeStar": 442,
                "threeStarPercentage": 32.716506291635824,
                "totalPositiveRating": 1351,
                "totalRating": 1351,
                "twoStar": 15,
                "twoStarPercentage": 1.1102886750555145,
              },
              "revenueEarned": 91070000,
              "reviewsCount": 1351,
              "testimonialUrl": "https://bookings-qa2.ttdev.in/agents/3132383332342d547261-Travel-Agency-683",
              "updatedAt": "2019-05-29T16:27:01+05:30",
            },
            "cabsText": "All transfers and sightseeing by Swift AC Dezire  Ex. Kathgodam


",
            "childs": 0,
            "days": 4,
            "departureCity": "Delhi",
            "exclusionsText": "Accomodation : Single
Accomodation : Double
Meal plan : Lunch
Use of gymnasium
English Speaking Driver
Trip suppliments
Cab : SIC",
            "flightsText": "",
            "hotelText": "Night 1,2,  Nainital Aamod Resort, Bhimtal, Executive Room 

Night 3,  Gajraj Trail Resort, Premium Room + 1 Extra Mattress ",
            "id": 8355980,
            "inclusionsText": "Accomodation : Triple
Meal plan : Breakfast
Meal plan : Dinner
Welcome Drink
Wifi Connection
Tv with cable connection
Use of Swimming Pool
Government Taxes/VAT/ Service Charges
Toll Tax
Trans…",
            "invoiceShowUrl": "https://bookings-qa2.ttdev.in/invoice/download/219365",
            "nights": 3,
            "pricingInfo": Object {
              "currency": "Rupee",
              "discount": 0,
              "flightCost": 0,
              "perPersonBudget": 16250,
              "perPersonText": "total",
              "price": 31500,
              "priceInRupee": 31500,
              "totalPrice": 31500,
              "visaCost": 0,
            },
            "status": "invoiced",
            "statusUpdates": Array [],
            "subAccountId": 2847,
            "tripEndDate": "2019-06-17",
            "tripStartDate": "2019-06-14",
            "updatedAt": "2019-05-29T15:14:27+05:30",
            "versionCount": 0,
          },
          "quoteRejectionReasons": Object {
            "1": "Quotes are higher than my budget",
            "2": "Want a different itinerary",
            "3": "Wish to customize my existing package",
            "4": "Want to travel to some other destination",
            "5": "Others",
            "6": "Not satisfied with the hotels",
          },
          "trackSegment": [Function],
          "tripId": "4582265",
          "userDetails": Object {},
        },
        "ref": null,
        "rendered": null,
        "type": [Function],
      },
      Object {
        "instance": null,
        "key": undefined,
        "nodeType": "class",
        "props": Object {
          "active": true,
          "children": <div
            className="sbcw p15 at_requestMore_section"
          >
            <p
              className="f14 mb5 pfc3 text-center"
            >
              Not satisfied with the quote?
            </p>
            <div
              className="btn-sec-load wfull at_requestMore"
              onClick={[Function]}
            >
              Request More Quotes
            </div>
            <ModalComponent
              customClass=""
              customCloseTrigger={true}
              disabled={false}
              fullView={false}
              hasCustomClose={false}
              hasNoClose={false}
              isOpen={false}
              isTriggerFullView={false}
              isWhiteIcon={false}
              onAfterModalOpen={[Function]}
              onRequestCloseCustom={[Function]}
              trigger={null}
            >
              <ReduxForm
                handleCancel={[Function]}
                onSubmit={[Function]}
                trackSegment={[Function]}
              />
            </ModalComponent>
          </div>,
          "containment": null,
          "delayedCall": true,
          "intervalCheck": true,
          "intervalDelay": 100,
          "minTopValue": 0,
          "offset": Object {},
          "onChange": [Function],
          "partialVisibility": "bottom",
          "resizeCheck": false,
          "resizeDelay": 250,
          "resizeThrottle": -1,
          "scrollCheck": false,
          "scrollDelay": 250,
          "scrollThrottle": -1,
        },
        "ref": null,
        "rendered": Object {
          "instance": null,
          "key": undefined,
          "nodeType": "host",
          "props": Object {
            "children": Array [
              <p
                className="f14 mb5 pfc3 text-center"
              >
                Not satisfied with the quote?
              </p>,
              <div
                className="btn-sec-load wfull at_requestMore"
                onClick={[Function]}
              >
                Request More Quotes
              </div>,
              <ModalComponent
                customClass=""
                customCloseTrigger={true}
                disabled={false}
                fullView={false}
                hasCustomClose={false}
                hasNoClose={false}
                isOpen={false}
                isTriggerFullView={false}
                isWhiteIcon={false}
                onAfterModalOpen={[Function]}
                onRequestCloseCustom={[Function]}
                trigger={null}
              >
                <ReduxForm
                  handleCancel={[Function]}
                  onSubmit={[Function]}
                  trackSegment={[Function]}
                />
              </ModalComponent>,
            ],
            "className": "sbcw p15 at_requestMore_section",
          },
          "ref": null,
          "rendered": Array [
            Object {
              "instance": null,
              "key": undefined,
              "nodeType": "host",
              "props": Object {
                "children": "Not satisfied with the quote?",
                "className": "f14 mb5 pfc3 text-center",
              },
              "ref": null,
              "rendered": "Not satisfied with the quote?",
              "type": "p",
            },
            Object {
              "instance": null,
              "key": undefined,
              "nodeType": "host",
              "props": Object {
                "children": "Request More Quotes",
                "className": "btn-sec-load wfull at_requestMore",
                "onClick": [Function],
              },
              "ref": null,
              "rendered": "Request More Quotes",
              "type": "div",
            },
            Object {
              "instance": null,
              "key": undefined,
              "nodeType": "class",
              "props": Object {
                "children": <ReduxForm
                  handleCancel={[Function]}
                  onSubmit={[Function]}
                  trackSegment={[Function]}
                />,
                "customClass": "",
                "customCloseTrigger": true,
                "disabled": false,
                "fullView": false,
                "hasCustomClose": false,
                "hasNoClose": false,
                "isOpen": false,
                "isTriggerFullView": false,
                "isWhiteIcon": false,
                "onAfterModalOpen": [Function],
                "onRequestCloseCustom": [Function],
                "trigger": null,
              },
              "ref": null,
              "rendered": Object {
                "instance": null,
                "key": undefined,
                "nodeType": "class",
                "props": Object {
                  "constants": undefined,
                  "handleCancel": [Function],
                  "onSubmit": [Function],
                  "trackSegment": [Function],
                },
                "ref": null,
                "rendered": null,
                "type": [Function],
              },
              "type": [Function],
            },
          ],
          "type": "div",
        },
        "type": [Function],
      },
    ],
    "type": "div",
  },
  Symbol(enzyme.__nodes__): Array [
    Object {
      "instance": null,
      "key": undefined,
      "nodeType": "host",
      "props": Object {
        "children": Array [
          Array [
            <QuoteBox
              bookNow={[MockFunction]}
              callbackHandler={[Function]}
              cardIndex={0}
              quote={
                Object {
                  "adults": 2,
                  "agent": Object {
                    "agentsConvertedTrips": 1301,
                    "companyName": "Agent 128324",
                    "createdAt": "2015-02-13T10:45:32+05:30",
                    "description": "TripSailer.Com is now a pioneering Indian travel company, endorsing professional",
                    "displayName": "Agent 128324",
                    "displayRating": 3.5,
                    "email": "UserEmail128324@gmail.com",
                    "encryptedId": "3132383332342d547261-Travel-Agency-683",
                    "fullAddress": "Office No.229, 02nd Floor, Plot No.10, Vardhman Bahnhof Plaza,MLU Pocket-7, Sector-12 Dwarka, DWARKA, DELHI, India, 110078",
                    "id": 128324,
                    "landlineNumber": "47494404",
                    "mobileNumber": "09311834343",
                    "profilePicture": "https://res.cloudinary.com/dma3zc8eo/image/fetch/f_auto,q_auto:eco,w_300/https://d2ly56lqom12n0.cloudfront.net/attachments/tr_a_profiles/683/original/Tripsailerlogo.png",
                    "ratingStats": Object {
                      "fiveStar": 322,
                      "fiveStarPercentage": 23.83419689119171,
                      "fourStar": 569,
                      "fourStarPercentage": 42.11695040710585,
                      "oneStar": 3,
                      "oneStarPercentage": 0.22205773501110287,
                      "positiveRating": 891,
                      "positiveRatingPercentage": 66,
                      "ratingText": "Superb Reviews",
                      "threeStar": 442,
                      "threeStarPercentage": 32.716506291635824,
                      "totalPositiveRating": 1351,
                      "totalRating": 1351,
                      "twoStar": 15,
                      "twoStarPercentage": 1.1102886750555145,
                    },
                    "revenueEarned": 91070000,
                    "reviewsCount": 1351,
                    "testimonialUrl": "https://bookings-qa2.ttdev.in/agents/3132383332342d547261-Travel-Agency-683",
                    "updatedAt": "2019-05-29T16:27:01+05:30",
                  },
                  "cabsText": "All transfers and sightseeing by Swift AC Dezire  Ex. Kathgodam


",
                  "childs": 0,
                  "days": 4,
                  "departureCity": "Delhi",
                  "exclusionsText": "Accomodation : Single
Accomodation : Double
Meal plan : Lunch
Use of gymnasium
English Speaking Driver
Trip suppliments
Cab : SIC",
                  "flightsText": "",
                  "hotelText": "Night 1,2,  Nainital Aamod Resort, Bhimtal, Executive Room 

Night 3,  Gajraj Trail Resort, Premium Room + 1 Extra Mattress ",
                  "id": 8355980,
                  "inclusionsText": "Accomodation : Triple
Meal plan : Breakfast
Meal plan : Dinner
Welcome Drink
Wifi Connection
Tv with cable connection
Use of Swimming Pool
Government Taxes/VAT/ Service Charges
Toll Tax
Trans…",
                  "invoiceShowUrl": "https://bookings-qa2.ttdev.in/invoice/download/219365",
                  "nights": 3,
                  "pricingInfo": Object {
                    "currency": "Rupee",
                    "discount": 0,
                    "flightCost": 0,
                    "perPersonBudget": 16250,
                    "perPersonText": "total",
                    "price": 31500,
                    "priceInRupee": 31500,
                    "totalPrice": 31500,
                    "visaCost": 0,
                  },
                  "status": "invoiced",
                  "statusUpdates": Array [],
                  "subAccountId": 2847,
                  "tripEndDate": "2019-06-17",
                  "tripStartDate": "2019-06-14",
                  "updatedAt": "2019-05-29T15:14:27+05:30",
                  "versionCount": 0,
                }
              }
              quoteRejectionReasons={
                Object {
                  "1": "Quotes are higher than my budget",
                  "2": "Want a different itinerary",
                  "3": "Wish to customize my existing package",
                  "4": "Want to travel to some other destination",
                  "5": "Others",
                  "6": "Not satisfied with the hotels",
                }
              }
              trackSegment={[Function]}
              tripId="4582265"
              userDetails={Object {}}
            />,
          ],
          <VisibilitySensor
            active={true}
            containment={null}
            delayedCall={true}
            intervalCheck={true}
            intervalDelay={100}
            minTopValue={0}
            offset={Object {}}
            onChange={[Function]}
            partialVisibility="bottom"
            resizeCheck={false}
            resizeDelay={250}
            resizeThrottle={-1}
            scrollCheck={false}
            scrollDelay={250}
            scrollThrottle={-1}
          >
            <div
              className="sbcw p15 at_requestMore_section"
            >
              <p
                className="f14 mb5 pfc3 text-center"
              >
                Not satisfied with the quote?
              </p>
              <div
                className="btn-sec-load wfull at_requestMore"
                onClick={[Function]}
              >
                Request More Quotes
              </div>
              <ModalComponent
                customClass=""
                customCloseTrigger={true}
                disabled={false}
                fullView={false}
                hasCustomClose={false}
                hasNoClose={false}
                isOpen={false}
                isTriggerFullView={false}
                isWhiteIcon={false}
                onAfterModalOpen={[Function]}
                onRequestCloseCustom={[Function]}
                trigger={null}
              >
                <ReduxForm
                  handleCancel={[Function]}
                  onSubmit={[Function]}
                  trackSegment={[Function]}
                />
              </ModalComponent>
            </div>
          </VisibilitySensor>,
        ],
      },
      "ref": null,
      "rendered": Array [
        Object {
          "instance": null,
          "key": "8355980",
          "nodeType": "class",
          "props": Object {
            "bookNow": [MockFunction],
            "callbackHandler": [Function],
            "cardIndex": 0,
            "comments": undefined,
            "quote": Object {
              "adults": 2,
              "agent": Object {
                "agentsConvertedTrips": 1301,
                "companyName": "Agent 128324",
                "createdAt": "2015-02-13T10:45:32+05:30",
                "description": "TripSailer.Com is now a pioneering Indian travel company, endorsing professional",
                "displayName": "Agent 128324",
                "displayRating": 3.5,
                "email": "UserEmail128324@gmail.com",
                "encryptedId": "3132383332342d547261-Travel-Agency-683",
                "fullAddress": "Office No.229, 02nd Floor, Plot No.10, Vardhman Bahnhof Plaza,MLU Pocket-7, Sector-12 Dwarka, DWARKA, DELHI, India, 110078",
                "id": 128324,
                "landlineNumber": "47494404",
                "mobileNumber": "09311834343",
                "profilePicture": "https://res.cloudinary.com/dma3zc8eo/image/fetch/f_auto,q_auto:eco,w_300/https://d2ly56lqom12n0.cloudfront.net/attachments/tr_a_profiles/683/original/Tripsailerlogo.png",
                "ratingStats": Object {
                  "fiveStar": 322,
                  "fiveStarPercentage": 23.83419689119171,
                  "fourStar": 569,
                  "fourStarPercentage": 42.11695040710585,
                  "oneStar": 3,
                  "oneStarPercentage": 0.22205773501110287,
                  "positiveRating": 891,
                  "positiveRatingPercentage": 66,
                  "ratingText": "Superb Reviews",
                  "threeStar": 442,
                  "threeStarPercentage": 32.716506291635824,
                  "totalPositiveRating": 1351,
                  "totalRating": 1351,
                  "twoStar": 15,
                  "twoStarPercentage": 1.1102886750555145,
                },
                "revenueEarned": 91070000,
                "reviewsCount": 1351,
                "testimonialUrl": "https://bookings-qa2.ttdev.in/agents/3132383332342d547261-Travel-Agency-683",
                "updatedAt": "2019-05-29T16:27:01+05:30",
              },
              "cabsText": "All transfers and sightseeing by Swift AC Dezire  Ex. Kathgodam


",
              "childs": 0,
              "days": 4,
              "departureCity": "Delhi",
              "exclusionsText": "Accomodation : Single
Accomodation : Double
Meal plan : Lunch
Use of gymnasium
English Speaking Driver
Trip suppliments
Cab : SIC",
              "flightsText": "",
              "hotelText": "Night 1,2,  Nainital Aamod Resort, Bhimtal, Executive Room 

Night 3,  Gajraj Trail Resort, Premium Room + 1 Extra Mattress ",
              "id": 8355980,
              "inclusionsText": "Accomodation : Triple
Meal plan : Breakfast
Meal plan : Dinner
Welcome Drink
Wifi Connection
Tv with cable connection
Use of Swimming Pool
Government Taxes/VAT/ Service Charges
Toll Tax
Trans…",
              "invoiceShowUrl": "https://bookings-qa2.ttdev.in/invoice/download/219365",
              "nights": 3,
              "pricingInfo": Object {
                "currency": "Rupee",
                "discount": 0,
                "flightCost": 0,
                "perPersonBudget": 16250,
                "perPersonText": "total",
                "price": 31500,
                "priceInRupee": 31500,
                "totalPrice": 31500,
                "visaCost": 0,
              },
              "status": "invoiced",
              "statusUpdates": Array [],
              "subAccountId": 2847,
              "tripEndDate": "2019-06-17",
              "tripStartDate": "2019-06-14",
              "updatedAt": "2019-05-29T15:14:27+05:30",
              "versionCount": 0,
            },
            "quoteRejectionReasons": Object {
              "1": "Quotes are higher than my budget",
              "2": "Want a different itinerary",
              "3": "Wish to customize my existing package",
              "4": "Want to travel to some other destination",
              "5": "Others",
              "6": "Not satisfied with the hotels",
            },
            "trackSegment": [Function],
            "tripId": "4582265",
            "userDetails": Object {},
          },
          "ref": null,
          "rendered": null,
          "type": [Function],
        },
        Object {
          "instance": null,
          "key": undefined,
          "nodeType": "class",
          "props": Object {
            "active": true,
            "children": <div
              className="sbcw p15 at_requestMore_section"
            >
              <p
                className="f14 mb5 pfc3 text-center"
              >
                Not satisfied with the quote?
              </p>
              <div
                className="btn-sec-load wfull at_requestMore"
                onClick={[Function]}
              >
                Request More Quotes
              </div>
              <ModalComponent
                customClass=""
                customCloseTrigger={true}
                disabled={false}
                fullView={false}
                hasCustomClose={false}
                hasNoClose={false}
                isOpen={false}
                isTriggerFullView={false}
                isWhiteIcon={false}
                onAfterModalOpen={[Function]}
                onRequestCloseCustom={[Function]}
                trigger={null}
              >
                <ReduxForm
                  handleCancel={[Function]}
                  onSubmit={[Function]}
                  trackSegment={[Function]}
                />
              </ModalComponent>
            </div>,
            "containment": null,
            "delayedCall": true,
            "intervalCheck": true,
            "intervalDelay": 100,
            "minTopValue": 0,
            "offset": Object {},
            "onChange": [Function],
            "partialVisibility": "bottom",
            "resizeCheck": false,
            "resizeDelay": 250,
            "resizeThrottle": -1,
            "scrollCheck": false,
            "scrollDelay": 250,
            "scrollThrottle": -1,
          },
          "ref": null,
          "rendered": Object {
            "instance": null,
            "key": undefined,
            "nodeType": "host",
            "props": Object {
              "children": Array [
                <p
                  className="f14 mb5 pfc3 text-center"
                >
                  Not satisfied with the quote?
                </p>,
                <div
                  className="btn-sec-load wfull at_requestMore"
                  onClick={[Function]}
                >
                  Request More Quotes
                </div>,
                <ModalComponent
                  customClass=""
                  customCloseTrigger={true}
                  disabled={false}
                  fullView={false}
                  hasCustomClose={false}
                  hasNoClose={false}
                  isOpen={false}
                  isTriggerFullView={false}
                  isWhiteIcon={false}
                  onAfterModalOpen={[Function]}
                  onRequestCloseCustom={[Function]}
                  trigger={null}
                >
                  <ReduxForm
                    handleCancel={[Function]}
                    onSubmit={[Function]}
                    trackSegment={[Function]}
                  />
                </ModalComponent>,
              ],
              "className": "sbcw p15 at_requestMore_section",
            },
            "ref": null,
            "rendered": Array [
              Object {
                "instance": null,
                "key": undefined,
                "nodeType": "host",
                "props": Object {
                  "children": "Not satisfied with the quote?",
                  "className": "f14 mb5 pfc3 text-center",
                },
                "ref": null,
                "rendered": "Not satisfied with the quote?",
                "type": "p",
              },
              Object {
                "instance": null,
                "key": undefined,
                "nodeType": "host",
                "props": Object {
                  "children": "Request More Quotes",
                  "className": "btn-sec-load wfull at_requestMore",
                  "onClick": [Function],
                },
                "ref": null,
                "rendered": "Request More Quotes",
                "type": "div",
              },
              Object {
                "instance": null,
                "key": undefined,
                "nodeType": "class",
                "props": Object {
                  "children": <ReduxForm
                    handleCancel={[Function]}
                    onSubmit={[Function]}
                    trackSegment={[Function]}
                  />,
                  "customClass": "",
                  "customCloseTrigger": true,
                  "disabled": false,
                  "fullView": false,
                  "hasCustomClose": false,
                  "hasNoClose": false,
                  "isOpen": false,
                  "isTriggerFullView": false,
                  "isWhiteIcon": false,
                  "onAfterModalOpen": [Function],
                  "onRequestCloseCustom": [Function],
                  "trigger": null,
                },
                "ref": null,
                "rendered": Object {
                  "instance": null,
                  "key": undefined,
                  "nodeType": "class",
                  "props": Object {
                    "constants": undefined,
                    "handleCancel": [Function],
                    "onSubmit": [Function],
                    "trackSegment": [Function],
                  },
                  "ref": null,
                  "rendered": null,
                  "type": [Function],
                },
                "type": [Function],
              },
            ],
            "type": "div",
          },
          "type": [Function],
        },
      ],
      "type": "div",
    },
  ],
  Symbol(enzyme.__options__): Object {
    "adapter": ReactSixteenAdapter {
      "options": Object {
        "enableComponentDidUpdateOnSetState": true,
        "legacyContextMode": "parent",
        "lifecycles": Object {
          "componentDidUpdate": Object {
            "onSetState": true,
          },
          "getChildContext": Object {
            "calledByRenderer": false,
          },
          "getDerivedStateFromError": true,
          "getDerivedStateFromProps": Object {
            "hasShouldComponentUpdateBug": false,
          },
          "getSnapshotBeforeUpdate": true,
          "setState": Object {
            "skipsComponentDidUpdateOnNullish": true,
          },
        },
      },
    },
    Symbol(enzyme.__providerValues__): undefined,
  },
  Symbol(enzyme.__providerValues__): Map {},
  Symbol(enzyme.__childContext__): null,
}
`;
