// Jest Snapshot v1, https://goo.gl/fbAQLP

exports[`RLP page should render correctly 1`] = `
ShallowWrapper {
  Symbol(enzyme.__root__): [Circular],
  Symbol(enzyme.__unrendered__): <QdpAsync
    currentQuoteId={12345}
    layout={
      Object {
        "actions": Array [],
        "components": Array [
          Object {
            "block_no": 1,
            "id": 1,
            "name": "educateTraveller",
            "order": 1,
            "row_no": 1,
            "total_block_in_row": 1,
            "variant": "FULL",
          },
          Object {
            "block_no": 1,
            "id": 2,
            "lookupParent": true,
            "name": "aboutDestination",
            "order": 2,
            "row_no": 2,
            "total_block_in_row": 1,
            "variant": "FULL",
          },
        ],
        "meta_info": Object {
          "destination": "Andaman",
          "trip_status": "Active",
        },
        "module_name": "rlp",
        "name": "RLP-IR-11-07-2018",
        "stage": "INVOICE_RECIEVED",
        "version": 1,
      }
    }
    location={
      Object {
        "query": Object {},
      }
    }
    params={Object {}}
    quotes={
      Object {
        "12345": Object {
          "id": 12345,
        },
      }
    }
    updateQuoteStats={[Function]}
  />,
  Symbol(enzyme.__renderer__): Object {
    "batchedUpdates": [Function],
    "checkPropTypes": [Function],
    "getNode": [Function],
    "render": [Function],
    "simulateError": [Function],
    "simulateEvent": [Function],
    "unmount": [Function],
  },
  Symbol(enzyme.__node__): Object {
    "instance": null,
    "key": undefined,
    "nodeType": "class",
    "props": Object {
      "currentQuoteId": 12345,
      "layout": Object {
        "actions": Array [],
        "components": Array [
          Object {
            "block_no": 1,
            "id": 1,
            "name": "educateTraveller",
            "order": 1,
            "row_no": 1,
            "total_block_in_row": 1,
            "variant": "FULL",
          },
          Object {
            "block_no": 1,
            "id": 2,
            "lookupParent": true,
            "name": "aboutDestination",
            "order": 2,
            "row_no": 2,
            "total_block_in_row": 1,
            "variant": "FULL",
          },
        ],
        "meta_info": Object {
          "destination": "Andaman",
          "trip_status": "Active",
        },
        "module_name": "rlp",
        "name": "RLP-IR-11-07-2018",
        "stage": "INVOICE_RECIEVED",
        "version": 1,
      },
      "location": Object {
        "query": Object {},
      },
      "params": Object {},
      "quotes": Object {
        "12345": Object {
          "id": 12345,
        },
      },
      "updateQuoteStats": [Function],
    },
    "ref": null,
    "rendered": null,
    "type": [Function],
  },
  Symbol(enzyme.__nodes__): Array [
    Object {
      "instance": null,
      "key": undefined,
      "nodeType": "class",
      "props": Object {
        "currentQuoteId": 12345,
        "layout": Object {
          "actions": Array [],
          "components": Array [
            Object {
              "block_no": 1,
              "id": 1,
              "name": "educateTraveller",
              "order": 1,
              "row_no": 1,
              "total_block_in_row": 1,
              "variant": "FULL",
            },
            Object {
              "block_no": 1,
              "id": 2,
              "lookupParent": true,
              "name": "aboutDestination",
              "order": 2,
              "row_no": 2,
              "total_block_in_row": 1,
              "variant": "FULL",
            },
          ],
          "meta_info": Object {
            "destination": "Andaman",
            "trip_status": "Active",
          },
          "module_name": "rlp",
          "name": "RLP-IR-11-07-2018",
          "stage": "INVOICE_RECIEVED",
          "version": 1,
        },
        "location": Object {
          "query": Object {},
        },
        "params": Object {},
        "quotes": Object {
          "12345": Object {
            "id": 12345,
          },
        },
        "updateQuoteStats": [Function],
      },
      "ref": null,
      "rendered": null,
      "type": [Function],
    },
  ],
  Symbol(enzyme.__options__): Object {
    "adapter": ReactSixteenAdapter {
      "options": Object {
        "enableComponentDidUpdateOnSetState": true,
        "legacyContextMode": "parent",
        "lifecycles": Object {
          "componentDidUpdate": Object {
            "onSetState": true,
          },
          "getChildContext": Object {
            "calledByRenderer": false,
          },
          "getDerivedStateFromError": true,
          "getDerivedStateFromProps": Object {
            "hasShouldComponentUpdateBug": false,
          },
          "getSnapshotBeforeUpdate": true,
          "setState": Object {
            "skipsComponentDidUpdateOnNullish": true,
          },
        },
      },
    },
    Symbol(enzyme.__providerValues__): undefined,
  },
  Symbol(enzyme.__providerValues__): Map {},
  Symbol(enzyme.__childContext__): null,
}
`;
