// Jest Snapshot v1, https://goo.gl/fbAQLP

exports[`Agent Card: Render Correctly  should match with the previous snapshot 1`] = `undefined`;
