// Jest Snapshot v1, https://goo.gl/fbAQLP

exports[`StarRatingCheckbox module should render correctly 1`] = `
ShallowWrapper {
  Symbol(enzyme.__root__): [Circular],
  Symbol(enzyme.__unrendered__): <StarRatingCheckbox
    disabled={false}
    filterCountKey="hotel_ratings_3"
    handleOnChange={[MockFunction]}
    id={2}
    isChecked={false}
    name="hotel_ratings[]"
    title="3 Star"
    value="3"
  />,
  Symbol(enzyme.__renderer__): Object {
    "batchedUpdates": [Function],
    "checkPropTypes": [Function],
    "getNode": [Function],
    "render": [Function],
    "simulateError": [Function],
    "simulateEvent": [Function],
    "unmount": [Function],
  },
  Symbol(enzyme.__node__): Object {
    "instance": null,
    "key": undefined,
    "nodeType": "host",
    "props": Object {
      "children": Array [
        <input
          checked={false}
          className="checkbox-common"
          disabled={false}
          id="filter_hotel_ratings[]_3"
          name="hotel_ratings[]"
          onChange={[Function]}
          type="checkbox"
          value="3"
        />,
        <label
          className="row row-"
          htmlFor="filter_hotel_ratings[]_3"
        >
          <div
            className="fleft"
          >
            <StarRatings
              id="label_hotel_ratings[]_3"
              rating={3}
              total={5}
            />
          </div>
        </label>,
      ],
      "className": "col-xs-6 p0",
    },
    "ref": null,
    "rendered": Array [
      Object {
        "instance": null,
        "key": undefined,
        "nodeType": "host",
        "props": Object {
          "checked": false,
          "className": "checkbox-common",
          "disabled": false,
          "id": "filter_hotel_ratings[]_3",
          "name": "hotel_ratings[]",
          "onChange": [Function],
          "type": "checkbox",
          "value": "3",
        },
        "ref": null,
        "rendered": null,
        "type": "input",
      },
      Object {
        "instance": null,
        "key": undefined,
        "nodeType": "host",
        "props": Object {
          "children": Array [
            <div
              className="fleft"
            >
              <StarRatings
                id="label_hotel_ratings[]_3"
                rating={3}
                total={5}
              />
            </div>,
            null,
          ],
          "className": "row row-",
          "htmlFor": "filter_hotel_ratings[]_3",
        },
        "ref": null,
        "rendered": Array [
          Object {
            "instance": null,
            "key": undefined,
            "nodeType": "host",
            "props": Object {
              "children": <StarRatings
                id="label_hotel_ratings[]_3"
                rating={3}
                total={5}
              />,
              "className": "fleft",
            },
            "ref": null,
            "rendered": Object {
              "instance": null,
              "key": undefined,
              "nodeType": "function",
              "props": Object {
                "id": "label_hotel_ratings[]_3",
                "rating": 3,
                "total": 5,
              },
              "ref": null,
              "rendered": null,
              "type": [Function],
            },
            "type": "div",
          },
          null,
        ],
        "type": "label",
      },
    ],
    "type": "div",
  },
  Symbol(enzyme.__nodes__): Array [
    Object {
      "instance": null,
      "key": undefined,
      "nodeType": "host",
      "props": Object {
        "children": Array [
          <input
            checked={false}
            className="checkbox-common"
            disabled={false}
            id="filter_hotel_ratings[]_3"
            name="hotel_ratings[]"
            onChange={[Function]}
            type="checkbox"
            value="3"
          />,
          <label
            className="row row-"
            htmlFor="filter_hotel_ratings[]_3"
          >
            <div
              className="fleft"
            >
              <StarRatings
                id="label_hotel_ratings[]_3"
                rating={3}
                total={5}
              />
            </div>
          </label>,
        ],
        "className": "col-xs-6 p0",
      },
      "ref": null,
      "rendered": Array [
        Object {
          "instance": null,
          "key": undefined,
          "nodeType": "host",
          "props": Object {
            "checked": false,
            "className": "checkbox-common",
            "disabled": false,
            "id": "filter_hotel_ratings[]_3",
            "name": "hotel_ratings[]",
            "onChange": [Function],
            "type": "checkbox",
            "value": "3",
          },
          "ref": null,
          "rendered": null,
          "type": "input",
        },
        Object {
          "instance": null,
          "key": undefined,
          "nodeType": "host",
          "props": Object {
            "children": Array [
              <div
                className="fleft"
              >
                <StarRatings
                  id="label_hotel_ratings[]_3"
                  rating={3}
                  total={5}
                />
              </div>,
              null,
            ],
            "className": "row row-",
            "htmlFor": "filter_hotel_ratings[]_3",
          },
          "ref": null,
          "rendered": Array [
            Object {
              "instance": null,
              "key": undefined,
              "nodeType": "host",
              "props": Object {
                "children": <StarRatings
                  id="label_hotel_ratings[]_3"
                  rating={3}
                  total={5}
                />,
                "className": "fleft",
              },
              "ref": null,
              "rendered": Object {
                "instance": null,
                "key": undefined,
                "nodeType": "function",
                "props": Object {
                  "id": "label_hotel_ratings[]_3",
                  "rating": 3,
                  "total": 5,
                },
                "ref": null,
                "rendered": null,
                "type": [Function],
              },
              "type": "div",
            },
            null,
          ],
          "type": "label",
        },
      ],
      "type": "div",
    },
  ],
  Symbol(enzyme.__options__): Object {
    "adapter": ReactSixteenAdapter {
      "options": Object {
        "enableComponentDidUpdateOnSetState": true,
        "legacyContextMode": "parent",
        "lifecycles": Object {
          "componentDidUpdate": Object {
            "onSetState": true,
          },
          "getChildContext": Object {
            "calledByRenderer": false,
          },
          "getDerivedStateFromError": true,
          "getDerivedStateFromProps": Object {
            "hasShouldComponentUpdateBug": false,
          },
          "getSnapshotBeforeUpdate": true,
          "setState": Object {
            "skipsComponentDidUpdateOnNullish": true,
          },
        },
      },
    },
    Symbol(enzyme.__providerValues__): undefined,
  },
  Symbol(enzyme.__providerValues__): Map {},
  Symbol(enzyme.__childContext__): null,
}
`;
